vt estimate: levels 5 tiles 12276 finest 2 coarsest 32 content 256 border 8 mips 2 cover 1 compression 0
vt estimate: pyramid 2219636192 btr 2139267420 delivered 4358903612 minutes unmeasured
vt level 0 dim 2 tiles 9216 unitsPerTexel 32 worldUnitsPerTile 8192
vt level 1 dim 4 tiles 2304 unitsPerTexel 64 worldUnitsPerTile 16384
vt level 2 dim 8 tiles 576 unitsPerTexel 128 worldUnitsPerTile 32768
vt level 3 dim 16 tiles 144 unitsPerTexel 256 worldUnitsPerTile 65536
vt level 4 dim 32 tiles 36 unitsPerTexel 512 worldUnitsPerTile 131072
File ' "materials/c:/projects/fallout4/build/pc/data/materials/landscape/rocks/rockriverstones_wet.bgsm" ' not found in archives
vt: levels 3 tiles 21 present 21 coverTiles 17 bytes 3762048 cover 1 finest 2 coarsest 8 content 256 border 8 mips 2 compression 0 vhgtCorpusHash 0xD8337D022F637F22 paintCorpusHash 0x3C79201598FEF809 vhgtCorpusHashSorted 0x3D5967B82969D23E
[1] Commonwealth.4.-24.24.BTR
[2] Commonwealth.4.-24.24.BTO
[3] Commonwealth.4.-20.24.BTR
[4] Commonwealth.4.-20.24.BTO
[5] Commonwealth.4.-24.28.BTR
[6] Commonwealth.4.-24.28.BTO
[7] Commonwealth.4.-20.28.BTR
[8] Commonwealth.4.-20.28.BTO
merged: 26 shapes -> 26 across 4 chunks
far rings: 0 shapes cut in 0 chunks: 0 -> 0 triangles, 0 -> 0 vertices (0 shapes and 0 groups kept whole, 0 restored; worst error 0.0 units)
8 chunk(s) written to E:/Projects/NifskopeWildWastelandEdition/scratchpad/vtfix_20260909/bake/vt_cover/obj, 0 empty, 0 failed
