### impostor_draw start 18:11:30
### impostor_draw rc=0  18:12:26
PASS  14 height channel: sheet check: 16 frames measured, 0 fail, worst excursion 0 world units (card half 135.3 x 360.8, depthSpan 3072)
PASS  14a BC3 alpha decoder: known-answer: 0 of 16 ramp entries wrong
PASS  14b outside-band reach: 16 frames, mean 19.8% of the 8-ring band off the card plane (floor 10%), worst frame 0.0%, best 78.6%
PASS  15 photograph: 16 bake directions, parallax off 0.8700, on 0.8700 (no-op, as the algebra requires)
done  24 steps, 0 failures

### gltf_gates start 18:12:26
### gltf_gates rc=0  18:12:46
  human_male_mixamo.gltf: 6411 checks, 0 failures, 9 warnings
  vanilla_malebody.gltf: 688 checks, 0 failures, 1 warnings
  jog:    3234 checks, 2 failures
  mixamo: 3235 checks, 2 failures
  vanilla control: 1246 checks, 0 failures

### gltf_export_opts start 18:12:47
### gltf_export_opts rc=0  18:13:05

### body_build start 18:13:05
### body_build rc=0  18:13:18
  31 checks, 0 failures

CHAIN DONE 18:13:18
