impostor_trunk gate 2026-09-24 22:34:52
exe /e/Projects/NifskopeWWE-cardfix1/release/NifSkope.exe  24717312 2026-09-24_22:31:49  sha1 56724fa6
set E:/Projects/NifskopeWildWastelandEdition/scratchpad/impostordepth2_20260923/n8_2k_bc7/cards/000531b3_oct.lodm
SHEET: the depth sheet
    SHEET PASS DX10 dxgi 98: height |err| vs the repaired input mean 0.57 levels p95 2 max 19, heights surviving 57 of 58 | vs the raw bake PNG mean 1.00 p95 4, 58 of 59 | repair census 576668/461097/926172/1968223 matches the bake | file 5222548 B
  ok    the set's _n is BC7 and holds the height (mean < 1 level, p95 <= 3, >= 90% of heights survive)
    red control: SHEET FAIL DXT5: height |err| vs the repaired input mean 2.64 levels p95 7 max 38, heights surviving 27 of 58 | vs the raw bake PNG mean 2.81 p95 8, 27 of 59 | repair census 576668/461097/926172/1968223 matches the bake | file 5222528 B
  ok    FLOOR: the DXT5 sheet of the same bake FAILS the sheet bar, so the bar can fail
KNOBS: 6 views OFF the frame grid
  orbit k_default: 6 cards, 9s
  orbit k_snap: 6 cards, 10s
  orbit k_slider0: 6 cards, 10s
  orbit k_smooth: 6 cards, 10s
  orbit k_smooth16: 6 cards, 11s
  orbit k_smooth0: 6 cards, 10s
  orbit k_mid: 6 cards, 11s
  orbit k_covf0: 6 cards, 10s
  orbit k_covf1: 6 cards, 10s
  orbit k_blend0: 6 cards, 9s
  ok    the default draw is the slider's crisp end and says so
  ok    the default draws ONE frame, the nearest, flat
  ok    the crisp end is not moved by its depth
  ok    the log says the coverage filter is always decoded
  ok    WW_IMPOSTOR_SLIDER=1 is named as the smooth end
  ok    the smooth end blends three frames
  ok    the smooth end searches 16 steps of its own accord
  ok    the smooth end cuts with the stipple
  ok    WW_IMPOSTOR_SLIDER=0.5 sharpens the weights (power 1/0.5)
  ok    WW_IMPOSTOR_SEARCH=0 is named as the override
  ok    WW_IMPOSTOR_SNAP=1 is named in the log as the depth-moved harness override
  ok    WW_IMPOSTOR_BLEND=0 is named in the log
  ok    WW_IMPOSTOR_COVFILTER is reported as retired
  ok    the crisp end IS the flat snap (== WW_IMPOSTOR_BLEND=0) (byte-identical on 6 views)
  ok    WW_IMPOSTOR_SLIDER=0 IS the default (byte-identical on 6 views)
  ok    the smooth end IS search 16 (SLIDER=1 == SLIDER=1 SEARCH=16) (byte-identical on 6 views)
  ok    WW_IMPOSTOR_COVFILTER=0 cannot turn the decoded filter off (retired) (byte-identical on 6 views)
  ok    WW_IMPOSTOR_COVFILTER=1 changes nothing (retired) (byte-identical on 6 views)
  ok    FLOOR: the smooth end is not the crisp end (1078890 px)
  ok    FLOOR: the search reaches the shader (the smooth end with SEARCH=0 differs) (697238 px)
  ok    FLOOR: slider 0.5 is not the smooth end (192501 px)
  ok    FLOOR: slider 0.5 is not the crisp end (1076099 px)
  ok    FLOOR: the depth-moved snap (WW_IMPOSTOR_SNAP=1) is not the crisp end (1100335 px)
TRUNK: 1-degree orbits
  orbit crisp_el0: 360 cards, 64s
  orbit crisp_el20: 360 cards, 56s
  orbit smooth_el0: 360 cards, 49s
  orbit smooth_el20: 360 cards, 63s
  orbit old_el0: 360 cards, 51s
  orbit old_el20: 360 cards, 58s
  ok    FLOOR: the mesh scored against itself passes the trunk bar
    [old] el00 360 views (E:/Projects/NifskopeWWE-cardfix1/release/impostor_trunk_tmp/old_el0)
      T1 ratio card/mesh: median 0.973 min 0.866 (az 257) max 1.135 (az 119); outside 0.85..1.15 at 0 of 360 -> ok
      T2 runs (median over band B): card > mesh at 1 of 360; worst card 1.5 vs mesh 1.0 at az 215 -> FAIL
      T3 centre step: card worst 1.93 px (az 214) mean 0.60; mesh worst 0.96 mean 0.60; ratio 2.01 (bar 2); missing-centre views 0 -> FAIL
      whole tree: IoU 0.8669 (min 0.8285); missing 0.0350 (max 0.0500); pop worst 0.0863 mean 0.0600 [mesh 0.1441/0.1258]; tear worst 0.54% az352 top5 0.54% mean 0.21%
      TRUNK FAIL | TEAR BAR PASS (pop 0.0863 <= 0.1755; tear 0.54% <= 1.92%)
  ok    FLOOR: the old drawer (stipple, no search) FAILS the trunk bar at el 0, so the bar can fail
    [old] el20 360 views (E:/Projects/NifskopeWWE-cardfix1/release/impostor_trunk_tmp/old_el20)
      T1 ratio card/mesh: median 1.052 min 0.823 (az 321) max 1.381 (az 47); outside 0.85..1.15 at 88 of 360 -> FAIL
      T2 runs (median over band B): card > mesh at 84 of 360; worst card 2.0 vs mesh 1.0 at az 6 -> FAIL
      T3 centre step: card worst 3.18 px (az 54) mean 0.66; mesh worst 1.07 mean 0.61; ratio 2.97 (bar 2); missing-centre views 0 -> FAIL
      whole tree: IoU 0.8109 (min 0.7612); missing 0.0596 (max 0.0946); pop worst 0.1104 mean 0.0890 [mesh 0.1893/0.1639]; tear worst 1.10% az159 top5 0.97% mean 0.24%
      TRUNK FAIL | TEAR BAR PASS (pop 0.1104 <= 0.1985; tear 1.10% <= 2.78%)
  ok    FLOOR: the old drawer (stipple, no search) FAILS the trunk bar at el 20, so the bar can fail
    [crisp] el00 360 views (E:/Projects/NifskopeWWE-cardfix1/release/impostor_trunk_tmp/crisp_el0)
      T1 ratio card/mesh: median 0.944 min 0.882 (az 45) max 1.011 (az 122); outside 0.85..1.15 at 0 of 360 -> ok
      T2 runs (median over band B): card > mesh at 0 of 360; worst card 1.0 vs mesh 1.0 at az 0 -> ok
      T3 centre step: card worst 15.25 px (az 225) mean 0.64; mesh worst 0.96 mean 0.60; ratio 15.86 (bar 2); missing-centre views 0 -> FAIL
      whole tree: IoU 0.8157 (min 0.7217); missing 0.0889 (max 0.1804); pop worst 0.4053 mean 0.0313 [mesh 0.1441/0.1258]; tear worst 4.68% az135 top5 4.26% mean 0.85%
      TRUNK FAIL | TEAR BAR FAIL (pop 0.4053 <= 0.1755; tear 4.68% <= 1.92%)
  ok    crisp end (flat snap) el 0: T1 trunk width inside 0.85..1.15 at every azimuth
  ok    crisp end (flat snap) el 0: T2 never more trunks than the mesh
  FAIL  KNOWN RED (bungo's ruling 2026-09-23 13:1x: flat snap despite its tear) crisp end (flat snap) el 0: the tear share is over the bar (tear 4.68% <= 1.92%)
    REPORTED, not gated: T3 centre step: card worst 15.25 px (az 225) | mesh worst 0.96 mean | ratio 15.86 (bar 2) | pop worst 0.4053
    [smooth] el00 360 views (E:/Projects/NifskopeWWE-cardfix1/release/impostor_trunk_tmp/smooth_el0)
      T1 ratio card/mesh: median 0.994 min 0.901 (az 309) max 1.135 (az 61); outside 0.85..1.15 at 0 of 360 -> ok
      T2 runs (median over band B): card > mesh at 0 of 360; worst card 1.0 vs mesh 1.0 at az 0 -> ok
      T3 centre step: card worst 1.41 px (az 49) mean 0.61; mesh worst 0.96 mean 0.60; ratio 1.46 (bar 2); missing-centre views 0 -> ok
      whole tree: IoU 0.8726 (min 0.8466); missing 0.0324 (max 0.0428); pop worst 0.0919 mean 0.0611 [mesh 0.1441/0.1258]; tear worst 0.54% az170 top5 0.53% mean 0.21%
      TRUNK PASS | TEAR BAR PASS (pop 0.0919 <= 0.1755; tear 0.54% <= 1.92%)
  ok    smooth end el 0 passes the trunk bar
  ok    smooth end el 0 passes the tear bar
    [crisp] el20 360 views (E:/Projects/NifskopeWWE-cardfix1/release/impostor_trunk_tmp/crisp_el20)
      T1 ratio card/mesh: median 0.968 min 0.874 (az 9) max 1.091 (az 47); outside 0.85..1.15 at 0 of 360 -> ok
      T2 runs (median over band B): card > mesh at 0 of 360; worst card 2.0 vs mesh 1.0 at az 6 -> ok
      T3 centre step: card worst 64.36 px (az 47) mean 3.98; mesh worst 1.07 mean 0.61; ratio 60.19 (bar 2); missing-centre views 0 -> FAIL
      whole tree: IoU 0.7203 (min 0.6341); missing 0.1542 (max 0.2230); pop worst 0.4957 mean 0.1027 [mesh 0.1893/0.1639]; tear worst 10.14% az313 top5 9.65% mean 4.20%
      TRUNK FAIL | TEAR BAR FAIL (pop 0.4957 <= 0.1985; tear 10.14% <= 2.78%)
  ok    crisp end (flat snap) el 20: T1 trunk width inside 0.85..1.15 at every azimuth
  ok    crisp end (flat snap) el 20: T2 never more trunks than the mesh
  FAIL  KNOWN RED (bungo's ruling 2026-09-23 13:1x: flat snap despite its tear) crisp end (flat snap) el 20: the tear share is over the bar (tear 10.14% <= 2.78%)
    REPORTED, not gated: T3 centre step: card worst 64.36 px (az 47) | mesh worst 1.07 mean | ratio 60.19 (bar 2) | pop worst 0.4957
    [smooth] el20 360 views (E:/Projects/NifskopeWWE-cardfix1/release/impostor_trunk_tmp/smooth_el20)
      T1 ratio card/mesh: median 1.005 min 0.892 (az 321) max 1.149 (az 114); outside 0.85..1.15 at 0 of 360 -> ok
      T2 runs (median over band B): card > mesh at 2 of 360; worst card 2.0 vs mesh 1.0 at az 161 -> FAIL
      T3 centre step: card worst 1.19 px (az 52) mean 0.62; mesh worst 1.07 mean 0.61; ratio 1.12 (bar 2); missing-centre views 0 -> ok
      whole tree: IoU 0.8324 (min 0.7977); missing 0.0476 (max 0.0728); pop worst 0.1089 mean 0.0871 [mesh 0.1893/0.1639]; tear worst 0.57% az165 top5 0.52% mean 0.12%
      TRUNK FAIL | TEAR BAR PASS (pop 0.1089 <= 0.1985; tear 0.57% <= 2.78%)
  FAIL  smooth end el 20 fails the trunk bar (see the T1/T2/T3 lines above)
  ok    smooth end el 20 passes the tear bar
38 checks, 3 failures
FAIL
