exe  /e/Projects/NifskopeWWE-cardfix1/release/NifSkope.exe (0eeade3a)
prev /e/Projects/NifskopeWWE-cardfix1/release/NifSkope.s5_eaa4b0b6.exe (eaa4b0b6)
bake elm: sway model; 7 files
bake maple: sway model; 7 files
bake pine: sway model; 7 files
bake mapleprev: no sway line; 7 files
bake hero: sway synthetic; 7 files
bake heroprev: no sway line; 7 files
bake rock: sway synthetic; 7 files
bake rockprev: no sway line; 7 files
G1 elm: mask0 0 texels, share A=0 -1.0000, max A -1 | crown 93533 texels, distinct 250, share 255 0.0000, mean A 67.2
  FAIL  G1a elm: mask-0 texels carry A = 0 on only -1.0000 (< 0.95)
  ok    G1b elm: the crown has 250 distinct weights, 0.0000 at 255 (>= 8, < 0.5)
G1 maple: mask0 29127 texels, share A=0 0.9562, max A 86 | crown 35997 texels, distinct 256, share 255 0.0007, mean A 131.3
  ok    G1a maple: mask-0 texels carry A = 0 on 0.9562 (>= 0.95)
  ok    G1b maple: the crown has 256 distinct weights, 0.0007 at 255 (>= 8, < 0.5)
G1 pine: mask0 11377 texels, share A=0 0.9735, max A 51 | crown 153062 texels, distinct 247, share 255 0.0000, mean A 8.4
  ok    G1a pine: mask-0 texels carry A = 0 on 0.9735 (>= 0.95)
  ok    G1b pine: the crown has 247 distinct weights, 0.0000 at 255 (>= 8, < 0.5)
G1 maple, previous exe: mask0 29127 texels, share A=0 0.1188, max A 119 | crown 35997 texels, distinct 220, share 255 0.0001, mean A 109.2
  ok    G1a red control: the previous exe's synthetic maple has A = 0 on only 0.1188 of its trunk
G1c maple frame 0: 2861 crown texels compared (bbox width bake 111, reprojection 118): bake err 19.72 r 0.8873 | C.a law err 67.45 r 0.7321 | W mean 168.4
  ok    G1c maple frame 0 matches the W x h reprojection: r 0.8873 >= 0.75, error 19.72 <= 33.73 (half the C.a law's 67.45)
  ok    G1c red control: the C.a law (255 x h) fails the same bars (r 0.7321, error 67.45)
  ok    G1c red control: the previous exe's synthetic maple fails the same bars (r 0.5758, error 55.01)
G1c maple frame 4: 1257 crown texels compared (bbox width bake 80, reprojection 83): bake err 21.69 r 0.9086 | C.a law err 71.51 r 0.5391 | W mean 166.0
  ok    G1c maple frame 4 matches the W x h reprojection: r 0.9086 >= 0.75, error 21.69 <= 35.76 (half the C.a law's 71.51)
  ok    G1c red control: the C.a law (255 x h) fails the same bars (r 0.5391, error 71.51)
  ok    G1c red control: the previous exe's synthetic maple fails the same bars (r 0.5008, error 48.89)
M  elm   frame 0: 5551 crown texels compared (bbox width bake 104, reprojection 104): bake err 24.96 r 0.8173 | C.a law err 61.61 r 0.7850 | W mean 119.4
M  pine  frame 0: 9233 crown texels compared (bbox width bake 104, reprojection 107): bake err 7.61 r 0.6082 | C.a law err 106.94 r 0.2315 | W mean 22.9
  ok    G2 hero: 6 files compared, 0 differ; sidecar without its sway line identical
  ok    G2 rock: 6 files compared, 0 differ; sidecar without its sway line identical
  ok    G2 Hero is named synthetic in its sidecar
  ok    G2 floor: the maple's sheets differ across the exes (6 files compared, 1 differ (000531b3_oct_normal.png); sidecar without its sway line identical)
tests/spells/impostor_wind.sh: line 89: $1: unbound variable
