case bgsm_duct (zero) /e/Tools/Fallout 4/DataUnpacked/Data/Meshes/SetDressing/ACDucts/ACDuctConnector01.nif
  bgsm_duct_old_a rc=127 NO PICTURE
  bgsm_duct_old_b rc=127 NO PICTURE
  bgsm_duct_old_c rc=127 NO PICTURE
  bgsm_duct_new rc=0 169726 B
case bgem_plane (zero) /e/Tools/Fallout 4/DataUnpacked/Data/Meshes/Effects/GlowFlatPlaneOneSided01.nif
  bgem_plane_old_a rc=127 NO PICTURE
  bgem_plane_old_b rc=127 NO PICTURE
  bgem_plane_old_c rc=127 NO PICTURE
  bgem_plane_new rc=0 8166 B
case embedded_lit (zero) /e/Tools/Fallout 4/DataUnpacked/Data/Meshes/Landscape/GuardRails/GRailCurveR01.nif
  embedded_lit_old_a rc=127 NO PICTURE
  embedded_lit_old_b rc=127 NO PICTURE
  embedded_lit_old_c rc=127 NO PICTURE
  embedded_lit_new rc=0 67978 B
case embedded_effect (zero) /e/Tools/Fallout 4/DataUnpacked/Data/Meshes/Effects/GlassShader01.nif
  embedded_effect_old_a rc=127 NO PICTURE
  embedded_effect_old_b rc=127 NO PICTURE
  embedded_effect_old_c rc=127 NO PICTURE
  embedded_effect_new rc=0 22030 B
case particles_fire (zero) /e/Tools/Fallout 4/DataUnpacked/Data/Meshes/Effects/MPSFireSmall01.nif @empty=multitarget-emitter-not-simulated
  particles_fire_old_a rc=127 NO PICTURE
  particles_fire_old_b rc=127 NO PICTURE
  particles_fire_old_c rc=127 NO PICTURE
  particles_fire_new rc=0 4962 B
case particles_smoke (zero) /e/Tools/Fallout 4/DataUnpacked/Data/Meshes/Effects/MPSSmokeFireMed01.nif @empty=multitarget-emitter-not-simulated
  particles_smoke_old_a rc=127 NO PICTURE
  particles_smoke_old_b rc=127 NO PICTURE
  particles_smoke_old_c rc=127 NO PICTURE
  particles_smoke_new rc=0 4962 B
case particles_mist (zero) /e/Tools/Fallout 4/DataUnpacked/Data/Meshes/Effects/AttachFXMist01.nif @empty=draws-but-no-visible-pixel
  particles_mist_old_a rc=127 NO PICTURE
  particles_mist_old_b rc=127 NO PICTURE
  particles_mist_old_c rc=127 NO PICTURE
  particles_mist_new rc=0 4962 B
case particles_shock (zero) /e/Tools/Fallout 4/DataUnpacked/Data/meshes/Actors/CreateABot/CharacterAssets/ShockHAndLeft.nif
  particles_shock_old_a rc=127 NO PICTURE
  particles_shock_old_b rc=127 NO PICTURE
  particles_shock_old_c rc=127 NO PICTURE
  particles_shock_new rc=0 18645 B
case particles_cryo (zero) /e/Tools/Fallout 4/DataUnpacked/Data/Meshes/Effects/CryoJet01.nif
  particles_cryo_old_a rc=127 NO PICTURE
  particles_cryo_old_b rc=127 NO PICTURE
  particles_cryo_old_c rc=127 NO PICTURE
  particles_cryo_new rc=0 23186 B
case pistol_10mm (zero) /e/Tools/Fallout 4/DataUnpacked/Data/Meshes/Weapons/10mmPistol/10MMPistol.nif
  pistol_10mm_old_a rc=127 NO PICTURE
  pistol_10mm_old_b rc=127 NO PICTURE
  pistol_10mm_old_c rc=127 NO PICTURE
  pistol_10mm_new rc=0 140114 B
ran 10 cases -> /e/Projects/NifskopeWWE-cardfix1/scratchpad/pbr_shade_ab_20260925_011714
pbr_shade_ab bgsm_duct gate=zero no picture: bgsm_duct_old_a.png,bgsm_duct_old_b.png -> FAIL
pbr_shade_ab bgem_plane gate=zero no picture: bgem_plane_old_a.png,bgem_plane_old_b.png -> FAIL
pbr_shade_ab embedded_lit gate=zero no picture: embedded_lit_old_a.png,embedded_lit_old_b.png -> FAIL
pbr_shade_ab embedded_effect gate=zero no picture: embedded_effect_old_a.png,embedded_effect_old_b.png -> FAIL
pbr_shade_ab particles_fire gate=zero no picture: particles_fire_old_a.png,particles_fire_old_b.png -> FAIL
pbr_shade_ab particles_smoke gate=zero no picture: particles_smoke_old_a.png,particles_smoke_old_b.png -> FAIL
pbr_shade_ab particles_mist gate=zero no picture: particles_mist_old_a.png,particles_mist_old_b.png -> FAIL
pbr_shade_ab particles_shock gate=zero no picture: particles_shock_old_a.png,particles_shock_old_b.png -> FAIL
pbr_shade_ab particles_cryo gate=zero no picture: particles_cryo_old_a.png,particles_cryo_old_b.png -> FAIL
pbr_shade_ab pistol_10mm gate=zero no picture: pistol_10mm_old_a.png,pistol_10mm_old_b.png -> FAIL
pbr_shade_ab census-moves kinds=none distinct_refusals=0 -> FAIL
pbr_shade_ab SUMMARY 10 cases, 11 failures, 0 empty by the viewer (none) -> FAIL
