dlcrobot.esm                       masters 1  LAND    2 LTEX   0 TXST    1  (0 s)
dlcworkshop01.esm                  masters 1  LAND    0 LTEX   0 TXST    0  (0 s)
dlccoast.esm                       masters 1  LAND  253 LTEX   8 TXST   37  (1 s)
dlcworkshop02.esm                  masters 1  LAND    0 LTEX   0 TXST   17  (1 s)
dlcworkshop03.esm                  masters 1  LAND    4 LTEX   0 TXST    1  (1 s)
dlcnukaworld.esm                   masters 1  LAND   43 LTEX  15 TXST   73  (1 s)
dlcultrahighresolution.esm         masters 1  LAND    0 LTEX   0 TXST    0  (1 s)
ccbgsfo4044-hellfirepowerarmor.esl masters 1  LAND    0 LTEX   0 TXST    0  (1 s)
ccbgsfo4115-x02.esl                masters 1  LAND    0 LTEX   0 TXST    0  (1 s)
ccbgsfo4116-heavyflamer.esl        masters 1  LAND    0 LTEX   0 TXST    0  (1 s)
ccbgsfo4110-ws_enclave.esl         masters 1  LAND    0 LTEX   0 TXST    0  (1 s)
ccbgsfo4096-as_enclave.esl         masters 1  LAND    0 LTEX   0 TXST    0  (1 s)
ccfsvfo4007-halloween.esl          masters 1  LAND    0 LTEX   0 TXST    0  (1 s)
ccbgsfo4046-tescan.esl             masters 1  LAND    0 LTEX   0 TXST    0  (1 s)
ccsbjfo4003-grenade.esl            masters 1  LAND    0 LTEX   0 TXST    0  (1 s)
ccotmfo4001-remnants.esl           masters 1  LAND    0 LTEX   0 TXST    0  (1 s)
hudframework.esm                   masters 1  LAND    0 LTEX   0 TXST    0  (1 s)
slow motion dismemberment.esm      masters 1  LAND    0 LTEX   0 TXST    0  (1 s)
bakaframework.esm                  masters 1  LAND    0 LTEX   0 TXST    0  (1 s)
bullet impact overhaul.esp         masters 1  LAND    0 LTEX   0 TXST    0  (1 s)
fo4particlepatch.esp               masters 1  LAND    0 LTEX   0 TXST    0  (1 s)
very zen impacts.esp               masters 1  LAND    0 LTEX   0 TXST    0  (1 s)
def_inv_scrap_en.esp               masters 1  LAND    0 LTEX   0 TXST    0  (1 s)
grasslands - healthy.esp           masters 1  LAND    0 LTEX  18 TXST    0  (1 s)
gloomy glass.esp                   masters 0  LAND    0 LTEX   0 TXST    0  (1 s)
raw input.esp                      masters 1  LAND    0 LTEX   0 TXST    0  (1 s)
removeblur.esp                     masters 1  LAND    0 LTEX   0 TXST    0  (1 s)
testworldspace.esp                 masters 1  LAND    0 LTEX   1 TXST    1  (1 s)
truegrass.esp                      masters 1  LAND    0 LTEX  77 TXST    0  (1 s)
x01remastered.esp                  masters 4  LAND    0 LTEX   0 TXST    0  (1 s)
simple fov slider.esp              masters 1  LAND    0 LTEX   0 TXST    0  (1 s)
44da.esp                           masters 1  LAND    0 LTEX   0 TXST    0  (1 s)
laserreanim.esp                    masters 1  LAND    0 LTEX   0 TXST    0  (1 s)
vrpshared.esp                      masters 1  LAND    0 LTEX   0 TXST    0  (1 s)
riflereanim_farharbor.esp          masters 3  LAND    0 LTEX   0 TXST    0  (1 s)
riflereanim.esp                    masters 2  LAND    0 LTEX   0 TXST    0  (1 s)
pistolreanims.esp                  masters 2  LAND    0 LTEX   0 TXST    0  (1 s)
pipereanim.esp                     masters 2  LAND    0 LTEX   0 TXST    0  (1 s)
riflereanim_nuka.esp               masters 3  LAND    0 LTEX   0 TXST    0  (1 s)
ultrainteriorlighting.esp          masters 4  LAND    0 LTEX   0 TXST    0  (1 s)
ultraexteriorlighting.esp          masters 5  LAND    0 LTEX   0 TXST    0  (1 s)
f76weathers.esp                    masters 1  LAND    0 LTEX   0 TXST    0  (1 s)
bns landscape.esp                  masters 5  LAND    0 LTEX  26 TXST   24  (1 s)
bns trees.esp                      masters 5  LAND    0 LTEX   0 TXST    0  (1 s)
bosinfantryarmor.esp               masters 1  LAND    0 LTEX   0 TXST    0  (1 s)
core.esp                           masters 1  LAND    0 LTEX   0 TXST    0  (1 s)
winner agreement with land_lo.pkl: 36864 cells, 0 disagree []
