[rawS16] el00 360 views (sw/az/raw_n16S/n8_2k)
  T1 ratio card/mesh: median 0.906 min 0.827 (az 292) max 1.052 (az 61); outside 0.85..1.15 at 9 of 360 -> FAIL
  T2 runs (median over band B): card > mesh at 0 of 360; worst card 1.0 vs mesh 1.0 at az 0 -> ok
  T3 centre step: card worst 1.25 px (az 255) mean 0.60; mesh worst 0.96 mean 0.60; ratio 1.30 (bar 2); missing-centre views 0 -> ok
  whole tree: IoU 0.8740 (min 0.8482); missing 0.0408 (max 0.0546); pop worst 0.0891 mean 0.0612 [mesh 0.1441/0.1258]; tear worst 0.55% az169 top5 0.55% mean 0.23%
  TRUNK FAIL
[rawS0] el20 360 views (sw/az20/raw_n0S/n8_2k)
  T1 ratio card/mesh: median 0.831 min 0.390 (az 84) max 1.519 (az 229); outside 0.85..1.15 at 220 of 360 -> FAIL
  T2 runs (median over band B): card > mesh at 177 of 360; worst card 3.0 vs mesh 1.0 at az 6 -> FAIL
  T3 centre step: card worst 8.13 px (az 73) mean 1.26; mesh worst 1.07 mean 0.61; ratio 7.60 (bar 2); missing-centre views 0 -> FAIL
  whole tree: IoU 0.7906 (min 0.7359); missing 0.0931 (max 0.1407); pop worst 0.1299 mean 0.1046 [mesh 0.1893/0.1639]; tear worst 2.33% az159 top5 2.26% mean 0.77%
  TRUNK FAIL
[rawA0] el20 360 views (sw/az20/raw_n0A/n8_2k)
  T1 ratio card/mesh: median 0.351 min 0.000 (az 25) max 0.885 (az 284); outside 0.85..1.15 at 351 of 360 -> FAIL
  T2 runs (median over band B): card > mesh at 7 of 360; worst card 2.0 vs mesh 1.0 at az 165 -> FAIL
  T3 centre step: card worst 23.71 px (az 315) mean 1.72; mesh worst 1.07 mean 0.61; ratio 22.18 (bar 2); missing-centre views 27 -> FAIL
  whole tree: IoU 0.7796 (min 0.6982); missing 0.1501 (max 0.2346); pop worst 0.1239 mean 0.0987 [mesh 0.1893/0.1639]; tear worst 8.58% az155 top5 7.98% mean 2.93%
  TRUNK FAIL
[rawA16] el20 360 views (sw/az20/raw_n16A/n8_2k)
  T1 ratio card/mesh: median 0.809 min 0.519 (az 315) max 0.906 (az 74); outside 0.85..1.15 at 320 of 360 -> FAIL
  T2 runs (median over band B): card > mesh at 5 of 360; worst card 2.0 vs mesh 1.0 at az 8 -> FAIL
  T3 centre step: card worst 1.12 px (az 225) mean 0.61; mesh worst 1.07 mean 0.61; ratio 1.05 (bar 2); missing-centre views 0 -> ok
  whole tree: IoU 0.8296 (min 0.7817); missing 0.0945 (max 0.1439); pop worst 0.1234 mean 0.0991 [mesh 0.1893/0.1639]; tear worst 1.27% az155 top5 1.16% mean 0.35%
  TRUNK FAIL
[rawA32] el20 360 views (sw/az20/raw_n32A/n8_2k)
  T1 ratio card/mesh: median 0.833 min 0.762 (az 312) max 0.910 (az 74); outside 0.85..1.15 at 264 of 360 -> FAIL
  T2 runs (median over band B): card > mesh at 5 of 360; worst card 2.0 vs mesh 1.0 at az 167 -> FAIL
  T3 centre step: card worst 1.07 px (az 235) mean 0.61; mesh worst 1.07 mean 0.61; ratio 1.00 (bar 2); missing-centre views 0 -> ok
  whole tree: IoU 0.8399 (min 0.8045); missing 0.0821 (max 0.1237); pop worst 0.1216 mean 0.0981 [mesh 0.1893/0.1639]; tear worst 0.89% az165 top5 0.73% mean 0.20%
  TRUNK FAIL
[rawS16] el20 360 views (sw/az20/raw_n16S/n8_2k)
  T1 ratio card/mesh: median 0.894 min 0.766 (az 315) max 0.960 (az 8); outside 0.85..1.15 at 20 of 360 -> FAIL
  T2 runs (median over band B): card > mesh at 1 of 360; worst card 2.0 vs mesh 1.5 at az 359 -> FAIL
  T3 centre step: card worst 1.12 px (az 25) mean 0.61; mesh worst 1.07 mean 0.61; ratio 1.05 (bar 2); missing-centre views 0 -> ok
  whole tree: IoU 0.8335 (min 0.7974); missing 0.0566 (max 0.0809); pop worst 0.1108 mean 0.0898 [mesh 0.1893/0.1639]; tear worst 0.63% az165 top5 0.59% mean 0.14%
  TRUNK FAIL
