17:29:12 game DOWN
build c21eb26a rc=0
17:30:48 game DOWN
17:30:48 game DOWN
exe newer than the sources
copies in step
build rc=0
 M tests/spells/lodgen_cardlink.sh
17:32:23 done fpcL_ea0ca708
17:32:23 game DOWN
17:32:23 game DOWN
exe newer than the sources
copies in step
build rc=0
 M tests/spells/lodgen_cardlink.sh
17:34:00 done fpcL_HEAD
restore build rc=0 exe 4024369a (must be cbdbffe7)
c21 rc=0 ab28c5618ec2 c18e9b26b0f7
fpcL_ea0 rc=0 3782af27360f c18e9b26b0f7
/e/Projects/NifskopeWWE-seam1/scratchpad/seam1_20260925/bisect/bc7cmp.sh: line 10: /e/Projects/NifskopeWWE-seam1/scratchpad/seam1_20260925/bisect/bc7/fpcL_HEAD/cards/000531b3_oct_n.DDS: No such file or directory
/e/Projects/NifskopeWWE-seam1/scratchpad/seam1_20260925/bisect/bc7cmp.sh: line 10: /e/Projects/NifskopeWWE-seam1/scratchpad/seam1_20260925/bisect/bc7/fpcL_HEAD/cards/000531b3_oct_d.DDS: No such file or directory
fpcL_HEAD rc=126  
cbd2 rc=0 77fb89816576 c18e9b26b0f7
bcrun done 17:36:55
