== 1. the synthetic known-answer pair
  ok   the fixture was written
  ok   the independent decoder passes the known answers
69 checks, 0 failures
== 2. two writes are byte-identical
  ok   two writes of the fixture are byte-identical
== 3. the refusal set
  ok   control: the unmutated pair passes
  ok   lodo headerCrc32 flip -- refused, naming "headerCrc32"
  ok   lodo a vertex byte, header re-signed -- refused, naming "indexCrc32"
  ok   lodi headerCrc32 flip -- refused, naming "headerCrc32"
  ok   lodi a chunk crc32 flip -- refused, naming "crc32"
  ok   lodo base table out of formId order -- refused, naming "sorted by formId"
  ok   lodo base boundRadius 0 -- refused, naming "boundRadius"
  ok   lodo cluster reserved flag bit -- refused, naming "reserved flags"
  ok   lodo material family 2 -- refused, naming "family"
  ok   lodi ROW_ORDER_NORTH_UP clear -- refused, naming "NORTH_UP"
  ok   lodi instance reserved flag bit -- refused, naming "reserved flags"
  ok   lodi NOLIB with a non-zero identity -- refused, naming "NOLIB"
  ok   lodi lodoIdentity does not name the .lodo -- refused, naming "lodoIdentity"
  ok   v2 lodo version back to 1 -- refused, naming "version 1"
  ok   v2 lodi version back to 1 -- refused, naming "version 1"
  ok   v3 lodo reserved byte at 0xCE -- refused, naming "0xCE"
  ok   v3 lodi reserved byte at 0xB0 -- refused, naming "0xB0"
  ok   v3 lodo unknown header flag bit -- refused, naming "reserved flag"
  ok   v2 loadOrderHash in the .lodo only -- refused, naming "loadOrderHash"
  ok   v2 loadOrderHash in the .lodi only -- refused, naming "loadOrderHash"
  ok   v2 instance scale 0 (the bound radius rule) -- refused, naming "scale is 0"
  ok   v2 drawKey out of order inside a cell -- refused, naming "drawKey"
  ok   v2 drawKey is not the base rank -- refused, naming "drawKey"
  ok   v2 stock identity changed -- refused, naming "identities"
  ok   v3 lodo version back to 2 -- refused, naming "version 2"
  ok   v3 lodi version back to 2 -- refused, naming "version 2"
  ok   v3 lodo clusterLodStride not 48 -- refused, naming "clusterLodStride"
  ok   v3 lodo levelMax above the table -- refused, naming "levelMax"
  ok   v3 lodo LADDER flag set with ladderGroup 0 -- refused, naming "ladderGroup"
  ok   v3 lodo ladder row reserved field -- refused, naming "reserved"
  ok   v3 lodo level-0 cluster given an error -- refused, naming "level 0"
  ok   v3 lodo level-0 sourceTriangles not its own triangleCount -- refused, naming "sourceTriangles"
  ok   v3 lodo bounding-sphere radius 0 -- refused, naming "radius"
  ok   v3 lodo mesh clusterCountL0 wrong -- refused, naming "clusterCountL0"
  ok   v3 lodo mesh levelCount wrong -- refused, naming "levelCount"
  ok   v3 lodo CONE_OPEN cleared on a cluster with no cone -- refused, naming "cone"
  ok   v3 lodo CONE_OPEN set but an axis is stored -- refused, naming "CONE_OPEN"
  ok   v3 lodo a child deviates more than its parent -- refused, naming "monotone"
  ok   v3 lodi occluderStride not 40 -- refused, naming "occluderStride"
  ok   v3 lodi maxOccludersPerCell 0 -- refused, naming "maxOccludersPerCell"
  ok   v3 lodi occluder reserved word -- refused, naming "reserved"
  ok   v3 lodi occluder flag bit0 clear -- refused, naming "flags"
  ok   v3 lodi occluder half extent 0 -- refused, naming "half extent"
  ok   v3 lodi occluder names an instance outside its cell -- refused, naming "cell"
44 checks, 0 failures
  ok   every mutation is refused by name
== 4. the real region bake (9-chunk Sanctuary, dim 4)
  ok   the region baked with --native
native: Commonwealth.lodo 236959752 bytes (bases 2974 of 2974 in the census, 0 without a loadable model; models 5562 loaded 9 failed; meshes 5562 clusters 512694 triangles 7495294 vertices 10318055 materials 766); Commonwealth.lodi 5546532 bytes (instances 3526 from 3526 arrivals over 701131 census refs, 0 dropped for a base outside the table, 0 unlit, 0 without a stock identity; chunks 10 present of 12 dense, max 693 a chunk, max scale 1.9600, max baseId 2023, PARTIAL); 68776.6 B a placement; cacheOrder acmr 1.4903 -> 1.2662, overfetch 1.0024 -> 1.0020, verts 5436487 -> 10318055; silhouette 5562 meshes, 0 opened, 0 read worse after the reorder; failed models: Architecture\Buildings\Hightech\Skin\HitExtAFloorCornerA02DummyLOD.nif, Architecture\Buildings\Hightech\Skin\HitExtAFloorCornerA03DummyLOD.nif, Architecture\Buildings\Hightech\Skin\HitExtAWallDummyLOD.nif, Architecture\Buildings\Hightech\Skin\HitExtAWallTallDummyLOD.nif, Architecture\Buildings\Hightech\Skin\HitExtAWallTallLongDummyLOD.nif, LOD\Architecture\Warehouse\WrhsLeanToL01_LOD.nif, LOD\Architecture\Warehouse\WrhsLeanToMid01_LOD.nif, LOD\Architecture\Warehouse\WrhsLeanToMid02_LOD.nif
native-ladder: ON (group 4, exact-error budget 512 tris); levels 0..10; meshes 3665 with a ladder, 1897 without (1573 of those are <= 16 triangles); groups 101317 formed, refused 3150 too small, 585 no triangle removed, 12905 error did not grow, 442 opened a silhouette; errors 113217 measured against full detail, 1005 chain-bounded; welded verts 2749564, uv conflicts 1939669; maxError 15715.2129; coneOpen 317786 clusters; roots 110476 covering 4358673 full-detail triangles; coarsest level opened a silhouette on 255 meshes; level 0 clusters 278041 triangles 4358673 meanError 0.0000; level 1 clusters 151313 triangles 2072097 meanError 22.2681; level 2 clusters 66358 triangles 858862 meanError 185.5567; level 3 clusters 13135 triangles 163604 meanError 360.3800; level 4 clusters 2337 triangles 27081 meanError 581.3064; level 5 clusters 861 triangles 9272 meanError 1055.8520; level 6 clusters 350 triangles 3601 meanError 1815.4807; level 7 clusters 177 triangles 1409 meanError 2700.0861; level 8 clusters 79 triangles 492 meanError 3745.7196; level 9 clusters 35 triangles 168 meanError 5336.3652; level 10 clusters 8 triangles 35 meanError 7282.7519
native-occluders: ON; boxes 0 written from 0 offered, 0 dropped (cap 4 a cell); cells 0 of 105 populated have one (0.0 percent), 105 with none; models fitted 248, refused 4908 not watertight, 121 too small (< 256 u diagonal), 125 no interior voxel, 158 too thin (< 2 percent of the box), 2 failed the 100-point probe
native-casters: per source, of 3526 instances: tree 3446, card 0, mesh 80, none 0; sum 3526 == instances 3526 == AGREE; mesh-slot casters 9484 over 5562 meshes (each instance once per distinct mesh its base names); terrain march: runtime, FO4CS measures it
  ok   the native-casters: line was printed
  ok   the four caster bins sum to the instance count (the line says AGREE)
  ok   tree casters MOVE off zero on a region that has trees (3446)
  ok   mesh casters MOVE off zero, so the census is not all in one bin (80)
  ok   a .lodo was written
  ok   a .lodi was written
  ok   the per-mesh report was written
    --keep-bto left 8 .BTO chunk(s) in the output folder
  ok   --keep-bto leaves the .BTO chunks in the output folder (8)
  ok   and no .BTO scratch folder is left behind
== 5. the stock path is untouched with --native off
    25 stock files compared, 0 differ (the .lodb ledger is compared below)
  ok   the stock bake is byte-identical with and without --native
    stock record: /tmp/tmp.dDuVhqpI6P/stock/Commonwealth.lodb
    native record: /tmp/tmp.dDuVhqpI6P/native/FO4CSLOD/Commonwealth/Commonwealth.lodb
  ok   the FO4CS record carries the per-chunk native cache it wrote (9 .lodj row(s))
  ok   and the stock record carries none, because the stock target has no cache (0 .lodj row(s))
  ok   the second ledger differs from the first ONLY in the command-line digest (781ac3e29f89 -> 51bcd32a40d3)
  ok   and that digest DID move, so an --incremental run cannot reuse the other bake
  ok   and the two ledgers differ ONLY in the command-line digest and the cache rows the FO4CS target alone writes
  ok   THE REFUTER: one moved .BTR digest in the FO4CS record turns this check red
== 6. the decoder on the real pair
  ok   the decoder passes the real pair (ESM leg and manifest leg)
87 checks, 0 failures
== 7. --native-verify with the corpus re-check
  ok   the pair verifies and its three staleness hashes still match the plugin
lodi distinctDrawKeys 45
recomputed objectCorpusHash 0x6324ed6a35cde4ea
recomputed pluginCorpusHash 0xd8337d022f637f22
recomputed loadOrderHash 0xa056a596e2bb16e7
recomputed over 701131 census refs of X:/Programs/Steam/steamapps/common/Fallout 4/Data/Fallout4.esm
pair identity ok
distinctStockIdentities 696
drawKeyRanksChecked 3526
== 8. the v2 fields, one subsection a field
a. loadOrderHash
  ok   a1 written and non-zero in the .lodo
  ok   a2 the .lodi carries the same value
  ok   a3 the law moves when the load order does (floor)
b. the placed REFR form id, per instance, in the cold record
  ok   b1 every instance names a REFR
  ok   b2 the (ref, part) key is unique
  ok   b3 the key set equals the stock manifests' (3526)
c. the bound radius rule: base.boundRadius x scale
  ok   c1 no record has scale 0
  ok   c2 no base has boundRadius 0
  ok   c3 every product is inside its chunk's maxBoundRadius (worst 4297.0 u)
d. the sort law: chunk, cell, drawKey, ref, part
  ok   d1 drawKey is the base's (mesh, material) rank
  ok   d2 the field MOVES: more than one drawKey in the file (45)
  ok   d3 the drawKey decides the order where the ref would not (786 pairs)
e. GPU cache order (meshopt), 5562 meshes
   ACMR 1.4903 -> 1.2662, overfetch 1.0024 -> 1.0020, 1064 of 5562 meshes moved
  ok   e1 the corpus ACMR improves (1.4903 -> 1.2662)
  ok   e2 no single mesh reads worse
  ok   e3 the field MOVES: the pass changed at least one mesh (1064 of 5562)
  ok   e4 FLOOR: the metric can fail -- a shuffled triangle order on Constitution01.nif reads 3.000 against the emitted 1.189
  ok   e5 overfetch does not get worse
f. the stock identity index survives
  ok   f1 the field MOVES: more than one identity in the file (696 distinct)
  ok   f2 the instance index is unique per placement by construction (3526)
  ok   f2b identity is unique inside every STOCK chunk
   7 identities collide inside a .lodi chunk (boundary spill from a neighbouring stock chunk); the contract states the law
  ok   f3 identity equals the stock manifest's index (3526 rows)
g. the silhouette (shadow-caster) rule
   5562 meshes, 654 watertight, 0 opened, 0 closed; worst delta 0
  ok   g1 no mesh opens its silhouette
  ok   g2 the counts are real, not all zero (4908 meshes with a boundary)
  ok   g3 FLOOR: a hole-punched Constitution01.nif (14075 -> 14078 boundary edges) is RED
  ok   g4 the emitted count equals the source count on every mesh (the emit is a permutation, never a decimation)
h. the cluster ladder (v3)
  ok   h1 the LADDER flag is set and levelMax agrees with the table
  ok   h2 geometricError MOVES: more than one distinct value (87911)
  ok   h3 every level-0 row has error 0 and every deeper row has error > 0
  ok   h4 the errors are monotone up every chain
  ok   h4b FLOOR the monotone test is not vacuous: 402218 of 402218 non-root rows have a STRICTLY larger parent, so the same table with the two fields swapped would be red
  ok   h5 sourceTriangles partitions each mesh: the roots sum to level 0
  ok   h6 every bounding sphere has a positive radius
  ok   h7 the cone MOVES: some clusters are open and some are not (317786 open of 512694)
  ok   h8 every mesh above 16 triangles either laddered or named its refusal (3665 laddered, 1573 are <= 16 tris, 324 could not be cut)
  ok   h9 the per-step silhouette rule is LIVE: 442 groups were refused for raising the boundary-edge count of the surface they replaced
  ok   h9b every mesh whose coarsest level counts more boundary edges than level 0 (255 of 3665 laddered) has a REFUSED group, so its coarsest level is a fragment and not a hole
  ok   h10 the error columns MOVE: some meshes carry a non-zero maxError (3639)
  ok   h11 casterInstances is WRITTEN: 112 of 5562 meshes cast for at least one instance (total 9484)
  ok   h11b casterInstances MOVES: 28 distinct values across the corpus, max 920 on one mesh
  ok   h11c no mesh casts for more instances than the file holds (3526)
i. the occluder boxes (v3)
  SKIP i1..i4 this region wrote no occluder box; nothing here can be asked of it
j. the v4/v5 words (lane NATIVE1c)
  ok   j0 the .lodo is at version 5 (SEAM1 W4) and the .lodi at 3, 4, 5, 6, 7 or 8 (5 / 7)
  ok   j1 .lodo cardCount is WRITTEN and equals the rows that name a card layer (0 of 2974 bases)
  ok   j2 LodoBase.fullTriangles is WRITTEN: 2974 of 2974 bases carry a non-zero count
  ok   j2b fullTriangles MOVES: 1108 distinct values, max 149282
  ok   j2c every base with no mesh at all reads 0 (a card-only base has no full-detail triangle count to state)
  ok   j3 the .lodo mesh WATERTIGHT bit is WRITTEN (654 of 5562 meshes)
  ok   j3b the watertight bit MOVES: it is neither set on every mesh nor on none (654 of 5562)
  SKIP j4..j5 this .lodi is version 7: the slot totals and the placement-AO blob are version 5 payloads and this file carries neither (the exact way back)
k. the v6 vertex-AO stream (director hotfix 7)
  SKIP k0..k3 this .lodi is version 7: the vertex-AO stream is a version 6 payload and this file carries none (the exact way back, --native-no-vertex-ao)
47 checks, 0 failures, 3 skips
RESULT PASS
  ok   every v2 field is written and moves
== 9. the staleness floor: a doctored corpus hash MUST be refused
objectCorpusHash flipped, lodoIdentity re-derived, header CRCs re-signed
  ok   a stale pair is refused, naming the file and the field
native REFUSED stale.lodi: headerCrc32 0x811bae92 does not match the header's bytes (0x183d960f)
== 10. v3: the geometry gate on the fixture (bounds, cones, the cut, the occluder)
  ok   the fixture's spheres, cones, cut and occluder box all hold, with every floor red
levels 0..2, clusters 5, level-0 clusters 3, coneOpen sampled 3 of 5
17 checks, 0 failures, 0 skips
== 11. v3: the same geometry gate on the REAL pair
  ok   the real pair's spheres, cones, cut and occluder boxes hold, with every floor red
the cut, per case:
  tol px     distance   clusters   triangles
  0.5        2000       122304     1906481
  0.5        8000       121852     1898172
  0.5        32000      119584     1855459
  1.0        2000       122226     1905029
  1.0        8000       121364     1889024
  1.0        32000      117218     1811420
  4.0        2000       121364     1889024
  4.0        8000       117218     1811420
  4.0        32000      115448     1779364
15 checks, 0 failures, 1 skips
RESULT PASS
== 12. v3: the two exact ways back
way-back .lodo 6343040 bytes, .lodi 527989 bytes, flags 0x5, levelMax 0, occluders 0
  ok   --native-no-ladder / --native-no-occluders write one level and no boxes
== 13. v3: the occluders, on a region that HAS a watertight building
  ok   the occluder region baked
native-occluders: ON; boxes 280 written from 599 offered, 319 dropped (cap 4 a cell); cells 87 of 147 populated have one (59.2 percent), 60 with none; models fitted 99, refused 2617 not watertight, 100 too small (< 256 u diagonal), 123 no interior voxel, 43 too thin (< 2 percent of the box), 0 failed the 100-point probe
  ok   the occluder region's boxes are inside their meshes, and a grown box leaks
  ok   D every occluder box is inside its own mesh (100 points each) 280 of 280 boxes hold all 100 points
  ok   FLOOR a grown box leaves its mesh (must go red) 280 of 280 leak, worst factor needed 1.5
== 13b. the decoder's cell rule on the downtown-Boston pair (plan 5 row 6)
  ok   (13b) the independent decoder reads the downtown-Boston pair
    lodi.instanceCount 33123
    lodi.occluderCount 280
    lodi.cellQuantAmbiguous 14
    lodi.cellQuantWorstU 0.062501 (band 0.126955)
  ok   (13b) 14 instance(s) sit inside the cell-line band, so the pair exercises the rule
  ok   (13b red control) band 0 refuses by name: REFUSED: instance 3358 (ref 0011ed8f) is stored in chunk 6 cell 0 but its position (3392.0518, 12287.9375 in the chunk box) derives cell 4; 
== 14. the C++ reader's own rules: the payload bounds and the aggregates
  ok   (14 floor) the undoctored copy of the real pair is accepted
    lodi: instance blob offset 12288 -> 0xFFFFFFFFFFFFF000 (84624 bytes, sum wraps to 80528, fileBytes 5546532); expect: instance blob runs past the file
  ok   (lodi-wrap) refused by name: native REFUSED lodi-wrap.lodi: instance blob runs past the file (18446744073709547520 + 84624 > 5546532)
    lodo: vertex blob offset 57860096 -> 0xFFFFFFFFFFFFF000 (165088880 bytes, sum wraps to 165084784); expect: vertex blob runs past the file
  ok   (lodo-wrap) refused by name: native REFUSED lodo-wrap.lodo: vertex blob runs past the file (18446744073709547520 + 165088880 > 236959752)
    SKIP: this case wants a version-5 .lodi with no aggregate and an AO blob (version 7, aggregateCount 0)
  SKIP (agg-views) the bake left nothing to doctor
    SKIP: this case wants a version-5 .lodi with no aggregate and an AO blob (version 7, aggregateCount 0)
  SKIP (agg-record) the bake left nothing to doctor

32 checks, 0 failures
RESULT PASS
