chargenprivethedge01 rc=0 13591ms oct 8 128 128 301.842 301.842
deadshrub01 rc=0 6079ms oct 8 64 64 147.308 147.308
deadshrub01obscurance rc=0 5950ms oct 8 64 64 172.536 172.536
deadshrub02 rc=0 5755ms oct 8 64 64 156.003 156.003
deadshrub03 rc=0 5723ms oct 8 64 64 150.613 150.613
deadshrub04 rc=0 5670ms oct 8 64 64 204.341 204.341
deadshrub05 rc=0 5753ms oct 8 64 64 179.49 179.49
deadshrub06 rc=0 5814ms oct 8 64 64 218.681 218.681
deadshrubgs01 rc=0 6159ms oct 8 64 64 211.449 211.449
deadshrubgs02 rc=0 5645ms oct 8 64 64 163.184 163.184
deadshrubgs03 rc=0 5691ms oct 8 64 64 140.25 140.25
foothillsshrublarge01 rc=0 7566ms oct 8 256 256 629.159 629.159
foothillsshrubmedium01 rc=0 5971ms oct 8 128 128 438.515 438.515
foothillsshrubsmall01 rc=0 5862ms oct 8 128 128 366.182 366.182
hedgerow01 rc=0 5755ms oct 8 64 64 233.938 233.938
hedgerow02 rc=0 5893ms oct 8 128 128 371.985 371.985
hedgerow03 rc=0 6369ms oct 8 128 128 430.937 430.937
hedgerow04 rc=0 6099ms oct 8 128 128 422.486 422.486
hedgerow05 MISSING landscape/plants/hedgerow05.nif
hedgerowgs01 rc=0 5714ms oct 8 64 64 226.009 226.009
hedgerowgs02 rc=0 5851ms oct 8 128 128 361.477 361.477
hedgerowgs03 rc=0 5573ms oct 8 64 64 102.023 102.023
hollyshrub01 rc=0 5624ms oct 8 64 64 139.879 139.879
hollyshrub01prewar rc=0 5562ms oct 8 64 64 139.974 139.974
hollyshrub02 rc=0 5886ms oct 8 64 64 181.998 181.998
hollyshrub02prewar rc=0 5688ms oct 8 64 64 181.998 181.998
hollyshrub03 rc=0 5618ms oct 8 64 64 222.171 222.171
hollyshrub03prewar rc=0 5514ms oct 8 64 64 223.378 223.378
hollyshrub04 rc=0 5990ms oct 8 128 128 248.69 248.69
hollyshrub04prewar rc=0 7992ms oct 8 128 128 249.317 249.317
hollyshrubsmall01trimmed rc=0 5931ms oct 8 64 64 85.0214 85.0214
marshshrub01 rc=0 5746ms oct 8 64 64 111.474 111.474
marshshrub02 rc=0 5801ms oct 8 64 64 138.519 138.519
privethedgepostwar01 rc=0 6155ms oct 8 128 128 289.182 289.182
privethedgepostwar02 rc=0 6227ms oct 8 128 128 285.731 285.731
privethedgepostwar03 rc=0 6521ms oct 8 128 128 184.939 184.939
rosebush01 rc=0 5916ms oct 8 64 64 56.9713 56.9713
rosebush01white rc=0 5657ms oct 8 64 64 56.9713 56.9713
rosebush02 rc=0 5596ms oct 8 64 64 100.895 100.895
rosebush02white rc=0 5527ms oct 8 64 64 100.895 100.895
shrubgrouplarge04 rc=0 8807ms oct 8 256 256 499.516 499.516
shrubgrouplarge05 rc=0 7194ms oct 8 128 128 405.211 405.211
shrubgroupmedium02 rc=0 6998ms oct 8 128 128 420.685 420.685
shrubgroupmedium03 rc=0 7018ms oct 8 128 128 372.091 372.091
shrubgroupsmall01 rc=0 7499ms oct 8 128 128 376.506 376.506
vineshrub01 rc=0 6115ms oct 8 128 128 326.661 326.661
cedar01 rc=0 5737ms oct 8 64 64 67.482 67.482
cedar02 rc=0 5568ms oct 8 64 64 99.296 99.296
cedar03 rc=0 5539ms oct 8 64 64 102.436 102.436
sapling01 rc=0 5493ms oct 8 64 64 93.829 93.829
sapling02 rc=0 6341ms oct 8 64 64 91.4093 91.4093
sapling03 rc=0 5459ms oct 8 64 64 100.416 100.416
sapling04 rc=0 5819ms oct 8 64 64 111.038 111.038
treeelmundergrowth01 rc=0 5589ms oct 8 64 64 159.126 159.126
treeelmundergrowth02 rc=0 5485ms oct 8 64 64 198.979 198.979
ALLDONE
EXIT 0
