chargenprivethedge01 rc=0 6447ms oct 8 128 128 301.842 301.842
deadshrub01 rc=0 5501ms oct 8 64 64 1.07733 1.07733
deadshrub01obscurance rc=0 5460ms oct 8 64 64 1.07733 1.07733
deadshrub02 rc=0 5473ms oct 8 64 64 1.07733 1.07733
deadshrub03 rc=0 5478ms oct 8 64 64 1.07733 1.07733
deadshrub04 rc=0 5589ms oct 8 64 64 1.07733 1.07733
deadshrub05 rc=0 5575ms oct 8 64 64 1.07733 1.07733
deadshrub06 rc=0 5690ms oct 8 64 64 1.07733 1.07733
deadshrubgs01 rc=0 5610ms oct 8 64 64 211.449 211.449
deadshrubgs02 rc=0 5687ms oct 8 64 64 163.184 163.184
deadshrubgs03 rc=0 5715ms oct 8 64 64 140.25 140.25
foothillsshrublarge01 rc=0 7623ms oct 8 256 256 629.159 629.159
foothillsshrubmedium01 rc=0 5904ms oct 8 128 128 438.515 438.515
foothillsshrubsmall01 rc=0 5722ms oct 8 128 128 366.182 366.182
hedgerow01 rc=0 5390ms oct 8 64 64 1.07733 1.07733
hedgerow02 rc=0 5455ms oct 8 64 64 1.07733 1.07733
hedgerow03 rc=0 5420ms oct 8 64 64 1.07733 1.07733
hedgerow04 rc=0 5461ms oct 8 64 64 1.07733 1.07733
hedgerow05 MISSING landscape/plants/hedgerow05.nif
hedgerowgs01 rc=0 5443ms oct 8 64 64 226.009 226.009
hedgerowgs02 rc=0 6107ms oct 8 128 128 361.477 361.477
hedgerowgs03 rc=0 5607ms oct 8 64 64 102.023 102.023
hollyshrub01 rc=0 5443ms oct 8 64 64 1.07733 1.07733
hollyshrub01prewar rc=0 5765ms oct 8 64 64 139.974 139.974
hollyshrub02 rc=0 5800ms oct 8 64 64 1.07733 1.07733
hollyshrub02prewar rc=0 5670ms oct 8 64 64 181.998 181.998
hollyshrub03 rc=0 5540ms oct 8 64 64 1.07733 1.07733
hollyshrub03prewar rc=0 5636ms oct 8 64 64 223.378 223.378
hollyshrub04 rc=0 5892ms oct 8 64 64 1.07733 1.07733
hollyshrub04prewar rc=0 6059ms oct 8 128 128 249.317 249.317
hollyshrubsmall01trimmed rc=0 5827ms oct 8 64 64 85.0214 85.0214
marshshrub01 rc=0 5567ms oct 8 64 64 111.474 111.474
marshshrub02 rc=0 5814ms oct 8 64 64 138.519 138.519
privethedgepostwar01 rc=0 6254ms oct 8 128 128 289.182 289.182
privethedgepostwar02 rc=0 6309ms oct 8 128 128 285.731 285.731
privethedgepostwar03 rc=0 6253ms oct 8 128 128 184.939 184.939
rosebush01 rc=0 5772ms oct 8 64 64 56.9713 56.9713
rosebush01white rc=0 5585ms oct 8 64 64 56.9713 56.9713
rosebush02 rc=0 5591ms oct 8 64 64 100.895 100.895
rosebush02white rc=0 5984ms oct 8 64 64 100.895 100.895
shrubgrouplarge04 rc=0 7256ms oct 8 64 64 1.07733 1.07733
shrubgrouplarge05 rc=0 5783ms oct 8 64 64 1.07733 1.07733
shrubgroupmedium02 rc=0 5735ms oct 8 64 64 1.07733 1.07733
shrubgroupmedium03 rc=0 6010ms oct 8 64 64 1.07733 1.07733
shrubgroupsmall01 rc=0 6106ms oct 8 64 64 1.07733 1.07733
vineshrub01 rc=0 5850ms oct 8 64 64 1.07733 1.07733
cedar01 rc=0 5732ms oct 8 64 64 67.482 67.482
cedar02 rc=0 6048ms oct 8 64 64 99.296 99.296
cedar03 rc=0 6157ms oct 8 64 64 102.436 102.436
sapling01 rc=0 5820ms oct 8 64 64 1.07733 1.07733
sapling02 rc=0 5767ms oct 8 64 64 1.07733 1.07733
sapling03 rc=0 5689ms oct 8 64 64 1.07733 1.07733
sapling04 rc=0 5710ms oct 8 64 64 1.07733 1.07733
treeelmundergrowth01 rc=0 5423ms oct 8 64 64 1.07733 1.07733
treeelmundergrowth02 rc=0 5545ms oct 8 64 64 1.07733 1.07733
ALLDONE
