chargenprivethedge01 level none shots rc=0 2 cards 2 meshes
deadshrub01 level 1 shots rc=0 2 cards 2 meshes
deadshrub01obscurance level 1 shots rc=0 2 cards 2 meshes
deadshrub02 level 1 shots rc=0 2 cards 2 meshes
deadshrub03 level 1 shots rc=0 2 cards 2 meshes
deadshrub04 level 2 shots rc=0 2 cards 2 meshes
deadshrub05 level 1 shots rc=0 2 cards 2 meshes
deadshrub06 level 1 shots rc=0 2 cards 2 meshes
deadshrubgs01 level none shots rc=0 2 cards 2 meshes
deadshrubgs02 level none shots rc=0 2 cards 2 meshes
deadshrubgs03 level none shots rc=0 2 cards 2 meshes
foothillsshrublarge01 level 0 shots rc=0 2 cards 2 meshes
foothillsshrubmedium01 level 0 shots rc=0 2 cards 2 meshes
foothillsshrubsmall01 level 0 shots rc=0 2 cards 2 meshes
hedgerow01 level 1 shots rc=0 2 cards 2 meshes
hedgerow02 level 1 shots rc=0 2 cards 2 meshes
hedgerow03 level 1 shots rc=0 2 cards 2 meshes
hedgerow04 level 1 shots rc=0 2 cards 2 meshes
hedgerowgs01 level none shots rc=0 2 cards 2 meshes
hedgerowgs02 level none shots rc=0 2 cards 2 meshes
hedgerowgs03 level none shots rc=0 2 cards 2 meshes
hollyshrub01 level 1 shots rc=0 2 cards 2 meshes
hollyshrub01prewar level 0 shots rc=0 2 cards 2 meshes
hollyshrub02 level 1 shots rc=0 2 cards 2 meshes
hollyshrub02prewar level 0 shots rc=0 2 cards 2 meshes
hollyshrub03 level 1 shots rc=0 2 cards 2 meshes
hollyshrub03prewar level 0 shots rc=0 2 cards 2 meshes
hollyshrub04 level 1 shots rc=0 2 cards 2 meshes
hollyshrub04prewar level 0 shots rc=0 2 cards 2 meshes
hollyshrubsmall01trimmed level none shots rc=0 2 cards 2 meshes
marshshrub01 level 0 shots rc=0 2 cards 2 meshes
marshshrub02 level 0 shots rc=0 2 cards 2 meshes
privethedgepostwar01 level 0 shots rc=0 2 cards 2 meshes
privethedgepostwar02 level 0 shots rc=0 2 cards 2 meshes
privethedgepostwar03 level 0 shots rc=0 2 cards 2 meshes
rosebush01 level 0 shots rc=0 2 cards 2 meshes
rosebush01white level 0 shots rc=0 2 cards 2 meshes
rosebush02 level 0 shots rc=0 2 cards 2 meshes
rosebush02white level 0 shots rc=0 2 cards 2 meshes
shrubgrouplarge04 level 1 shots rc=0 2 cards 2 meshes
shrubgrouplarge05 level 1 shots rc=0 2 cards 2 meshes
shrubgroupmedium02 level 1 shots rc=0 2 cards 2 meshes
shrubgroupmedium03 level 1 shots rc=0 2 cards 2 meshes
shrubgroupsmall01 level 1 shots rc=0 2 cards 2 meshes
vineshrub01 level 1 shots rc=0 2 cards 2 meshes
cedar01 level 0 shots rc=0 2 cards 2 meshes
cedar02 level 0 shots rc=0 2 cards 2 meshes
cedar03 level 0 shots rc=0 2 cards 2 meshes
sapling01 level 1 shots rc=0 2 cards 2 meshes
sapling02 level 1 shots rc=0 2 cards 2 meshes
sapling03 level 1 shots rc=0 2 cards 2 meshes
sapling04 level 1 shots rc=0 2 cards 2 meshes
treeelmundergrowth01 level 1 shots rc=0 2 cards 2 meshes
treeelmundergrowth02 level 1 shots rc=0 2 cards 2 meshes
ALLDONE
EXIT 0
