[Warning] QObject::connect(QListModel, QWidget): signal not found
[Warning] QObject::connect(QListModel, QWidget): signal not found
[Warning] QObject::connect(QListModel, QWidget): signal not found
[Warning] QObject::connect(QListModel, QWidget): signal not found
lodgen: model meshes/Markers/StaticCollectionPivotDummy.nif: loaded, 5 blocks, no BSTriShape with vertex data and triangles
[Info] cell view:
 cell view Commonwealth -20,7 block 1x1 (cells -20,7 .. -20,7)
  plugins: X:/Programs/Steam/steamapps/common/Fallout 4/Data/Fallout4.esm
  data root: E:/Tools/Fallout 4/DataUnpacked/Data -- from the spec
  cells with data: 1 of 1
  refrs read 150, placements 255, drawn 240
  hidden: disabled 0, markers 0, deleted 0, no base 0
  skipped, no model on the base: IDLM 2, LIGH 2, STAT 1, TXST 4
  distinct models loaded 123, failed to load 1
  source triangles 223177, welded shapes 95, vertices 224288, triangles 225235
  ground: 1 LAND cells (1 with VCLR), 1024 quads over 6 landscape textures -- 891 textured, 133 bare; 586 quads took an ATXT layer over the quadrant's BTXT, out of 16 layers read. The layers are NOT blended: each quad takes the strongest layer at its own corner, so the ground is a hard-edged mosaic of the real textures and not the engine's composite
  water: 1 cells
  overlay: none
  pick table 240 entries
  built in 1588 ms

