[Warning] QObject::connect(QListModel, QWidget): signal not found
[Warning] QObject::connect(QListModel, QWidget): signal not found
[Warning] QObject::connect(QListModel, QWidget): signal not found
[Warning] QObject::connect(QListModel, QWidget): signal not found
lodgen: model meshes/Markers/StaticCollectionPivotDummy.nif: loaded, 5 blocks, no BSTriShape with vertex data and triangles
[Info] cell view:
 cell view Commonwealth -20,7 block 1x1 (cells -20,7 .. -20,7)
  plugins: X:/Programs/Steam/steamapps/common/Fallout 4/Data/Fallout4.esm
  data root: E:/Tools/Fallout 4/DataUnpacked/Data -- from the spec
  cells with data: 1 of 1
  refrs read 150, placements 255, drawn 240
  hidden: disabled 0, markers 0, deleted 0, no base 0
  skipped, no model on the base: IDLM 2, LIGH 2, STAT 1, TXST 4
  distinct models loaded 123, failed to load 1
  source triangles 223177, welded shapes 95, vertices 224288, triangles 225235
  ground: 1 LAND cells (1 with VCLR), 1024 quads over 6 landscape textures -- 891 textured, 133 bare; 586 quads took an ATXT layer over the quadrant's BTXT, out of 16 layers read. The layers are NOT blended: each quad takes the strongest layer at its own corner, so the ground is a hard-edged mosaic of the real textures and not the engine's composite
  water: 1 cells
  Commonwealth.lodi v7: 778 instances, 622 references indexed, 216 groups, 107 of them singletons, biggest 297; 351 tree instances, 96 of those alone in their group
  overlay: identity
  legend: 20 buckets
    key 0xffffffffff  154 placements  rgb 0.60,0.21,0.37
    key 0x400000000000  18 placements  rgb 0.66,0.73,0.13
    key 0x400000000001  2 placements  rgb 0.43,0.68,0.29
    key 0x400000000002  6 placements  rgb 0.75,0.65,0.22
    key 0x400000000003  6 placements  rgb 0.51,0.25,0.64
    key 0x400000000004  9 placements  rgb 0.47,0.29,0.76
    key 0x400000000005  1 placements  rgb 0.59,0.16,0.84
    key 0x400000000006  1 placements  rgb 0.22,0.29,0.61
    key 0x400000000007  6 placements  rgb 0.23,0.66,0.20
    key 0x400000000008  1 placements  rgb 0.25,0.63,0.42
    key 0x400000000009  5 placements  rgb 0.40,0.86,0.34
    key 0x40000000000a  3 placements  rgb 0.59,0.63,0.17
    key 0x40000000000b  1 placements  rgb 0.80,0.31,0.83
    key 0x40000000000c  6 placements  rgb 0.65,0.19,0.32
    key 0x40000000000d  3 placements  rgb 0.66,0.12,0.72
    key 0x40000000000e  3 placements  rgb 0.32,0.77,0.78
    key 0x40000000000f  3 placements  rgb 0.24,0.85,0.36
    key 0x400000000010  6 placements  rgb 0.30,0.82,0.67
    key 0x400000000011  3 placements  rgb 0.28,0.75,0.36
    key 0x400000000012  3 placements  rgb 0.64,0.12,0.11
  pick table 240 entries
  built in 1693 ms

