13:00:44 flat2 waiting on: 25232|E:\Projects\NifskopeWWE-tiling5\scratchpad\tiling5_20260927\run_new\NifSkope.exe lock:tiling5
13:01:19 flat2 waiting on: 45396|E:\Projects\NifskopeWWE-tiling5\scratchpad\tiling5_20260927\run_new\NifSkope.exe lock:tiling5
13:01:50 flat2 waiting on: 39284|E:\Projects\NifskopeWWE-tiling5\scratchpad\tiling5_20260927\run_new\NifSkope.exe lock:tiling5
13:02:05 flat2 waiting on: 41072|E:\Projects\NifskopeWWE-tiling5\scratchpad\tiling5_20260927\run_new\NifSkope.exe lock:tiling5
13:02:36 flat2 waiting on: 29624|E:\Projects\NifskopeWWE-tiling5\scratchpad\tiling5_20260927\run_new\NifSkope.exe lock:tiling5
13:02:54 flat2 waiting on: 22280|E:\Projects\NifskopeWWE-tiling5\scratchpad\tiling5_20260927\run_new\NifSkope.exe lock:tiling5
13:03:09 flat2 waiting on: 3248|E:\Projects\NifskopeWWE-tiling5\scratchpad\tiling5_20260927\run_new\NifSkope.exe lock:tiling5
13:03:25 flat2 waiting on: 43572|E:\Projects\NifskopeWWE-tiling5\scratchpad\tiling5_20260927\run_new\NifSkope.exe lock:tiling5
13:03:40 flat2 waiting on: 41576|E:\Projects\NifskopeWWE-tiling5\scratchpad\tiling5_20260927\run_new\NifSkope.exe lock:tiling5
13:04:42 flat2 waiting on: 36984|E:\Projects\NifskopeWWE-tiling5\scratchpad\tiling5_20260927\run_new\NifSkope.exe lock:tiling5
13:04:57 flat2 waiting on: 51148|E:\Projects\NifskopeWWE-tiling5\scratchpad\tiling5_20260927\run_new\NifSkope.exe lock:tiling5
13:05:13 flat2 waiting on: 33012|E:\Projects\NifskopeWWE-tiling5\scratchpad\tiling5_20260927\run_new\NifSkope.exe lock:tiling5
13:05:59 flat2 waiting on: 1276|E:\Projects\NifskopeWWE-tiling5\scratchpad\tiling5_20260927\run_new\NifSkope.exe lock:tiling5
13:06:30 flat2 waiting on: 16968|E:\Projects\NifskopeWWE-tiling5\scratchpad\tiling5_20260927\run_new\NifSkope.exe lock:tiling5
13:07:17 flat2 waiting on: 13924|E:\Projects\NifskopeWWE-tiling5\scratchpad\tiling5_20260927\run_new\NifSkope.exe lock:tiling5
13:07:32 flat2 waiting on: 42692|E:\Projects\NifskopeWWE-tiling5\scratchpad\tiling5_20260927\run_new\NifSkope.exe lock:tiling5
13:08:03 flat2 waiting on: 38632|E:\Projects\NifskopeWWE-tiling5\scratchpad\tiling5_20260927\run_new\NifSkope.exe lock:tiling5
13:08:34 flat2 waiting on: 50212|E:\Projects\NifskopeWWE-tiling5\scratchpad\tiling5_20260927\run_new\NifSkope.exe lock:tiling5
13:09:05 flat2 waiting on: 50032|E:\Projects\NifskopeWWE-tiling5\scratchpad\tiling5_20260927\run_new\NifSkope.exe lock:tiling5
13:09:21 flat2 waiting on: 23908|E:\Projects\NifskopeWWE-tiling5\scratchpad\tiling5_20260927\run_new\NifSkope.exe lock:tiling5
13:16:54 flat2 waiting on: 31312|E:\Projects\NifskopeWWE-tiling5\scratchpad\tiling5_20260927\run_new\NifSkope.exe lock:tiling5
13:17:10 flat2 waiting on:  lock:tiling5
13:17:26 flat2 waiting on: 4920|E:\Projects\NifskopeWWE-tiling5\scratchpad\tiling5_20260927\run_new\NifSkope.exe lock:tiling5
13:17:41 flat2 waiting on: 51672|E:\Projects\NifskopeWWE-tiling5\scratchpad\tiling5_20260927\run_new\NifSkope.exe lock:tiling5
13:17:57 flat2 waiting on: 21648|E:\Projects\NifskopeWWE-tiling5\scratchpad\tiling5_20260927\run_new\NifSkope.exe lock:tiling5
13:18:27 flat2 waiting on: 15120|E:\Projects\NifskopeWWE-tiling5\scratchpad\tiling5_20260927\run_new\NifSkope.exe lock:tiling5
13:19:14 flat2 waiting on: 44492|E:\Projects\NifskopeWWE-tiling5\scratchpad\tiling5_20260927\run_new\NifSkope.exe lock:tiling5
13:19:29 flat2 waiting on: 43016|E:\Projects\NifskopeWWE-tiling5\scratchpad\tiling5_20260927\run_new\NifSkope.exe lock:tiling5
13:20:00 flat2 waiting on: 49344|E:\Projects\NifskopeWWE-tiling5\scratchpad\tiling5_20260927\run_new\NifSkope.exe lock:tiling5
13:20:31 flat2 waiting on: 21228|E:\Projects\NifskopeWWE-tiling5\scratchpad\tiling5_20260927\run_new\NifSkope.exe lock:tiling5
13:21:02 flat2 waiting on: 30940|E:\Projects\NifskopeWWE-tiling5\scratchpad\tiling5_20260927\run_new\NifSkope.exe lock:tiling5
13:21:18 flat2 waiting on: 42076|E:\Projects\NifskopeWWE-tiling5\scratchpad\tiling5_20260927\run_new\NifSkope.exe lock:tiling5
13:21:33 flat2 waiting on: 48372|E:\Projects\NifskopeWWE-tiling5\scratchpad\tiling5_20260927\run_new\NifSkope.exe lock:tiling5
13:22:04 flat2 waiting on: 45880|E:\Projects\NifskopeWWE-tiling5\scratchpad\tiling5_20260927\run_new\NifSkope.exe lock:tiling5
13:22:35 flat2 waiting on: 34040|E:\Projects\NifskopeWWE-tiling5\scratchpad\tiling5_20260927\run_new\NifSkope.exe lock:tiling5
13:22:50 flat2 waiting on: 53420|E:\Projects\NifskopeWWE-tiling5\scratchpad\tiling5_20260927\run_new\NifSkope.exe lock:tiling5
13:23:06 flat2 waiting on: 35184|E:\Projects\NifskopeWWE-tiling5\scratchpad\tiling5_20260927\run_new\NifSkope.exe lock:tiling5
13:23:37 flat2 waiting on: 52880|E:\Projects\NifskopeWWE-tiling5\scratchpad\tiling5_20260927\run_new\NifSkope.exe lock:tiling5
13:23:52 flat2 waiting on: 1684|E:\Projects\NifskopeWWE-tiling5\scratchpad\tiling5_20260927\run_new\NifSkope.exe lock:tiling5
13:24:08 flat2 waiting on: 6044|E:\Projects\NifskopeWWE-tiling5\scratchpad\tiling5_20260927\run_new\NifSkope.exe lock:tiling5
13:24:39 flat2 waiting on: 35664|E:\Projects\NifskopeWWE-tiling5\scratchpad\tiling5_20260927\run_new\NifSkope.exe lock:tiling5
13:24:54 flat2 waiting on: 28356|E:\Projects\NifskopeWWE-tiling5\scratchpad\tiling5_20260927\run_new\NifSkope.exe lock:tiling5
13:25:25 flat2 waiting on: 17448|E:\Projects\NifskopeWWE-tiling5\scratchpad\tiling5_20260927\run_new\NifSkope.exe lock:tiling5
13:25:41 flat2 waiting on: 3832|E:\Projects\NifskopeWWE-tiling5\scratchpad\tiling5_20260927\run_new\NifSkope.exe lock:tiling5
13:26:12 flat2 waiting on: 28888|E:\Projects\NifskopeWWE-tiling5\scratchpad\tiling5_20260927\run_new\NifSkope.exe lock:tiling5
13:26:27 flat2 waiting on: 11400|E:\Projects\NifskopeWWE-tiling5\scratchpad\tiling5_20260927\run_new\NifSkope.exe lock:tiling5
13:26:43 flat2 waiting on: 35284|E:\Projects\NifskopeWWE-tiling5\scratchpad\tiling5_20260927\run_new\NifSkope.exe lock:tiling5
13:26:58 flat2 waiting on: 18136|E:\Projects\NifskopeWWE-tiling5\scratchpad\tiling5_20260927\run_new\NifSkope.exe lock:tiling5
13:27:29 flat2 waiting on: 26856|E:\Projects\NifskopeWWE-tiling5\scratchpad\tiling5_20260927\run_new\NifSkope.exe lock:tiling5
13:28:00 flat2 waiting on: 19624|E:\Projects\NifskopeWWE-tiling5\scratchpad\tiling5_20260927\run_new\NifSkope.exe lock:tiling5
13:28:31 flat2 waiting on: 2404|E:\Projects\NifskopeWWE-tiling5\scratchpad\tiling5_20260927\run_new\NifSkope.exe lock:tiling5
13:29:02 flat2 waiting on: 9616|E:\Projects\NifskopeWWE-tiling5\scratchpad\tiling5_20260927\run_new\NifSkope.exe lock:tiling5
13:29:33 flat2 waiting on: 32376|E:\Projects\NifskopeWWE-tiling5\scratchpad\tiling5_20260927\run_m2\NifSkope.exe lock:tiling5
13:30:03 flat2 waiting on: 40152|E:\Projects\NifskopeWWE-tiling5\scratchpad\tiling5_20260927\run_m2\NifSkope.exe lock:tiling5
13:30:20 flat2 waiting on:  lock:water1
13:30:36 flat2 waiting on: 49672|E:\Projects\NifskopeWWE-water1\scratchpad\water1_20260927\run_new\NifSkope.exe lock:water1
13:30:51 flat2 waiting on: 29204|E:\Projects\NifskopeWWE-water1\scratchpad\water1_20260927\run_new\NifSkope.exe lock:water1
13:31:07 flat2 waiting on: 11856|E:\Projects\NifskopeWWE-water1\scratchpad\water1_20260927\run_new\NifSkope.exe lock:water1
13:31:22 flat2 waiting on: 49404|E:\Projects\NifskopeWWE-water1\scratchpad\water1_20260927\run_new\NifSkope.exe lock:water1
turn taken by flat2 at 13:31:53
released by flat2 13:39:16
rc=0 443 s  13:39:16
vt: levels 2 tiles 45 present 45 coverTiles 45 bytes 62855680 cover 1 coverIn mask sheets 4 emissive none maskPbrm 0 maskLegacyInverted 45 maskNoneDefault 0 maskRoughMaps 44 maskMetalMaps 0 maskEmissiveMaps 0 maskDistinctLtex 45 maskLayerRefs 2795 finest 2 coarsest 4 content 512 border 8 mips 2 comp
rung 0
