13:54:32 flat2 waiting on: 53768|E:\Projects\NifskopeWWE-water1\scratchpad\water1_20260927\run_depth\NifSkope.exe lock:water1
13:54:48 flat2 waiting on: 6600|E:\Projects\NifskopeWWE-water1\scratchpad\water1_20260927\run_depth\NifSkope.exe lock:water1
13:55:04 flat2 waiting on: 15172|E:\Projects\NifskopeWWE-water1\scratchpad\water1_20260927\run_depth\NifSkope.exe lock:
13:55:19 flat2 waiting on: 27320|E:\Projects\NifskopeWWE-tiling5\scratchpad\tiling5_20260927\run_m3\NifSkope.exe lock:tiling5
13:55:50 flat2 waiting on: 42092|E:\Projects\NifskopeWWE-tiling5\scratchpad\tiling5_20260927\run_m3\NifSkope.exe lock:tiling5
13:56:06 flat2 waiting on: 38880|E:\Projects\NifskopeWWE-tiling5\scratchpad\tiling5_20260927\run_m3\NifSkope.exe lock:tiling5
13:56:37 flat2 waiting on: 37324|E:\Projects\NifskopeWWE-tiling5\scratchpad\tiling5_20260927\run_m3\NifSkope.exe lock:tiling5
13:56:52 flat2 waiting on: 25756|E:\Projects\NifskopeWWE-tiling5\scratchpad\tiling5_20260927\run_m3\NifSkope.exe lock:tiling5
13:57:07 flat2 waiting on: 20404|E:\Projects\NifskopeWWE-tiling5\scratchpad\tiling5_20260927\run_m3\NifSkope.exe lock:tiling5
13:57:38 flat2 waiting on: 36556|E:\Projects\NifskopeWWE-tiling5\scratchpad\tiling5_20260927\run_m3\NifSkope.exe lock:tiling5
13:58:25 flat2 waiting on: 43352|E:\Projects\NifskopeWWE-tiling5\scratchpad\tiling5_20260927\run_m3\NifSkope.exe lock:tiling5
13:58:40 flat2 waiting on: 39296|E:\Projects\NifskopeWWE-tiling5\scratchpad\tiling5_20260927\run_m3\NifSkope.exe lock:tiling5
13:59:13 flat2 waiting on: 15748|E:\Projects\NifskopeWWE-tiling5\scratchpad\tiling5_20260927\run_m3\NifSkope.exe lock:tiling5
13:59:28 flat2 waiting on: 42924|E:\Projects\NifskopeWWE-tiling5\scratchpad\tiling5_20260927\run_m3\NifSkope.exe lock:tiling5
13:59:59 flat2 waiting on: 45304|E:\Projects\NifskopeWWE-tiling5\scratchpad\tiling5_20260927\run_m3\NifSkope.exe lock:tiling5
14:00:15 flat2 waiting on: 22972|E:\Projects\NifskopeWWE-tiling5\scratchpad\tiling5_20260927\run_m3\NifSkope.exe lock:tiling5
14:00:46 flat2 waiting on: 47392|E:\Projects\NifskopeWWE-tiling5\scratchpad\tiling5_20260927\run_m3\NifSkope.exe lock:tiling5
14:01:02 flat2 waiting on: 52292|E:\Projects\NifskopeWWE-tiling5\scratchpad\tiling5_20260927\run_m3\NifSkope.exe lock:tiling5
14:01:32 flat2 waiting on: 47340|E:\Projects\NifskopeWWE-tiling5\scratchpad\tiling5_20260927\run_m3\NifSkope.exe lock:tiling5
14:01:48 flat2 waiting on: 30024|E:\Projects\NifskopeWWE-tiling5\scratchpad\tiling5_20260927\run_m3\NifSkope.exe lock:tiling5
14:02:03 flat2 waiting on: 28620|E:\Projects\NifskopeWWE-tiling5\scratchpad\tiling5_20260927\run_m3\NifSkope.exe lock:tiling5
14:03:07 flat2 waiting on: 52008|E:\Projects\NifskopeWWE-tiling5\scratchpad\tiling5_20260927\run_m3\NifSkope.exe lock:tiling5
14:03:38 flat2 waiting on: 2620|E:\Projects\NifskopeWWE-tiling5\scratchpad\tiling5_20260927\run_m3\NifSkope.exe lock:tiling5
14:04:09 flat2 waiting on: 51060|E:\Projects\NifskopeWWE-tiling5\scratchpad\tiling5_20260927\run_m3\NifSkope.exe lock:tiling5
14:04:25 flat2 waiting on: 27848|E:\Projects\NifskopeWWE-tiling5\scratchpad\tiling5_20260927\run_m3\NifSkope.exe lock:tiling5
14:04:50 flat2 waiting on: 29216|E:\Projects\NifskopeWWE-tiling5\scratchpad\tiling5_20260927\run_m3\NifSkope.exe lock:tiling5
14:05:59 flat2 waiting on: 49132|E:\Projects\NifskopeWWE-tiling5\scratchpad\tiling5_20260927\run_m3\NifSkope.exe lock:tiling5
14:06:14 flat2 waiting on: 42696|E:\Projects\NifskopeWWE-tiling5\scratchpad\tiling5_20260927\run_m3\NifSkope.exe lock:tiling5
14:06:45 flat2 waiting on: 35716|E:\Projects\NifskopeWWE-tiling5\scratchpad\tiling5_20260927\run_m3\NifSkope.exe lock:tiling5
14:07:01 flat2 waiting on: 19100|E:\Projects\NifskopeWWE-tiling5\scratchpad\tiling5_20260927\run_m3\NifSkope.exe lock:tiling5
14:07:16 flat2 waiting on: 32800|E:\Projects\NifskopeWWE-tiling5\scratchpad\tiling5_20260927\run_m3\NifSkope.exe lock:tiling5
14:07:47 flat2 waiting on: 22368|E:\Projects\NifskopeWWE-tiling5\scratchpad\tiling5_20260927\run_m3\NifSkope.exe lock:tiling5
14:08:03 flat2 waiting on: 16984|E:\Projects\NifskopeWWE-tiling5\scratchpad\tiling5_20260927\run_m3\NifSkope.exe lock:tiling5
14:08:18 flat2 waiting on: 53648|E:\Projects\NifskopeWWE-tiling5\scratchpad\tiling5_20260927\run_m3\NifSkope.exe lock:tiling5
14:08:34 flat2 waiting on: 53936|E:\Projects\NifskopeWWE-tiling5\scratchpad\tiling5_20260927\run_m3\NifSkope.exe
53648|E:\Projects\NifskopeWWE-tiling5\scratchpad\tiling5_20260927\run_m3\NifSkope.exe lock:tiling5
14:08:49 flat2 waiting on: 53936|E:\Projects\NifskopeWWE-tiling5\scratchpad\tiling5_20260927\run_m3\NifSkope.exe lock:tiling5
14:09:05 flat2 waiting on: 33344|E:\Projects\NifskopeWWE-tiling5\scratchpad\tiling5_20260927\run_m3\NifSkope.exe lock:tiling5
14:09:36 flat2 waiting on: 27204|E:\Projects\NifskopeWWE-tiling5\scratchpad\tiling5_20260927\run_m3\NifSkope.exe lock:tiling5
14:10:07 flat2 waiting on: 33304|E:\Projects\NifskopeWWE-tiling5\scratchpad\tiling5_20260927\run_m3\NifSkope.exe lock:tiling5
14:10:22 flat2 waiting on: 35648|E:\Projects\NifskopeWWE-tiling5\scratchpad\tiling5_20260927\run_m3\NifSkope.exe
33304|E:\Projects\NifskopeWWE-tiling5\scratchpad\tiling5_20260927\run_m3\NifSkope.exe lock:tiling5
14:10:38 flat2 waiting on: 41580|E:\Projects\NifskopeWWE-tiling5\scratchpad\tiling5_20260927\run_m3\NifSkope.exe lock:tiling5
14:11:09 flat2 waiting on: 49312|E:\Projects\NifskopeWWE-tiling5\scratchpad\tiling5_20260927\run_m3\NifSkope.exe lock:tiling5
14:11:24 flat2 waiting on: 31656|E:\Projects\NifskopeWWE-tiling5\scratchpad\tiling5_20260927\run_m3\NifSkope.exe lock:tiling5
14:11:40 flat2 waiting on: 19744|E:\Projects\NifskopeWWE-tiling5\scratchpad\tiling5_20260927\run_m3\NifSkope.exe
31656|E:\Projects\NifskopeWWE-tiling5\scratchpad\tiling5_20260927\run_m3\NifSkope.exe lock:tiling5
14:11:55 flat2 waiting on: 46572|E:\Projects\NifskopeWWE-tiling5\scratchpad\tiling5_20260927\run_m3\NifSkope.exe lock:tiling5
14:12:26 flat2 waiting on: 43892|E:\Projects\NifskopeWWE-tiling5\scratchpad\tiling5_20260927\run_m3\NifSkope.exe lock:tiling5
14:12:42 flat2 waiting on: 39516|E:\Projects\NifskopeWWE-tiling5\scratchpad\tiling5_20260927\run_m3\NifSkope.exe lock:tiling5
14:12:57 flat2 waiting on: 52124|E:\Projects\NifskopeWWE-tiling5\scratchpad\tiling5_20260927\run_m3\NifSkope.exe lock:tiling5
14:13:13 flat2 waiting on: 39184|E:\Projects\NifskopeWWE-tiling5\scratchpad\tiling5_20260927\run_m3\NifSkope.exe lock:tiling5
14:13:44 flat2 waiting on:  lock:tiling5
14:13:59 flat2 waiting on: 26980|E:\Projects\NifskopeWWE-tiling5\scratchpad\tiling5_20260927\run_m3\NifSkope.exe lock:tiling5
14:14:15 flat2 waiting on: 36584|E:\Projects\NifskopeWWE-tiling5\scratchpad\tiling5_20260927\run_m3\NifSkope.exe lock:tiling5
14:14:46 flat2 waiting on: 22936|E:\Projects\NifskopeWWE-tiling5\scratchpad\tiling5_20260927\run_m3\NifSkope.exe lock:tiling5
14:15:01 flat2 waiting on: 49708|E:\Projects\NifskopeWWE-tiling5\scratchpad\tiling5_20260927\run_m3\NifSkope.exe
22936|E:\Projects\NifskopeWWE-tiling5\scratchpad\tiling5_20260927\run_m3\NifSkope.exe lock:tiling5
14:15:17 flat2 waiting on: 49708|E:\Projects\NifskopeWWE-tiling5\scratchpad\tiling5_20260927\run_m3\NifSkope.exe lock:tiling5
14:15:32 flat2 waiting on:  lock:terr1
14:15:51 flat2 waiting on: 33996|E:\Projects\NifskopeWWE-terr1\scratchpad\terr1_20260927\runs\base\NifSkope.exe lock:terr1
14:16:06 flat2 waiting on: 51616|E:\Projects\NifskopeWWE-terr1\scratchpad\terr1_20260927\runs\base\NifSkope.exe lock:terr1
14:16:24 flat2 waiting on:  lock:water1
14:16:39 flat2 waiting on: 47524|E:\Projects\NifskopeWWE-water1\scratchpad\water1_20260927\run_depth\NifSkope.exe lock:water1
14:16:55 flat2 waiting on: 40892|E:\Projects\NifskopeWWE-water1\scratchpad\water1_20260927\run_depth\NifSkope.exe lock:water1
14:17:26 flat2 waiting on: 8524|E:\Projects\NifskopeWWE-water1\scratchpad\water1_20260927\run_depth\NifSkope.exe lock:water1
14:17:42 flat2 waiting on: 34288|E:\Projects\NifskopeWWE-water1\scratchpad\water1_20260927\run_depth\NifSkope.exe lock:water1
14:17:58 flat2 waiting on: 45080|E:\Projects\NifskopeWWE-terr1\scratchpad\terr1_20260927\runs\base\NifSkope.exe lock:terr1
14:18:13 flat2 waiting on: 50692|E:\Projects\NifskopeWWE-terr1\scratchpad\terr1_20260927\runs\base\NifSkope.exe lock:terr1
14:18:28 flat2 waiting on: 53100|E:\Projects\NifskopeWWE-terr1\scratchpad\terr1_20260927\runs\base\NifSkope.exe lock:terr1
14:18:59 flat2 waiting on: 46992|E:\Projects\NifskopeWWE-terr1\scratchpad\terr1_20260927\runs\base\NifSkope.exe lock:
14:19:15 flat2 waiting on: 25524|E:\Projects\NifskopeWWE-terr1\scratchpad\terr1_20260927\runs\base\NifSkope.exe lock:terr1
14:19:30 flat2 waiting on: 33272|E:\Projects\NifskopeWWE-terr1\scratchpad\terr1_20260927\runs\base\NifSkope.exe lock:
14:19:46 flat2 waiting on:  lock:ident1
14:20:02 flat2 waiting on: 51684|E:\Projects\NifskopeWWE-ident1\scratchpad\ident1_20260927\run_v2\NifSkope.exe lock:ident1
14:20:17 flat2 waiting on: 28656|E:\Projects\NifskopeWWE-ident1\scratchpad\ident1_20260927\run_v2\NifSkope.exe lock:
14:20:33 flat2 waiting on: 37676|E:\Projects\NifskopeWWE-terr1\scratchpad\terr1_20260927\runs\base\NifSkope.exe lock:terr1
14:20:48 flat2 waiting on: 48696|E:\Projects\NifskopeWWE-terr1\scratchpad\terr1_20260927\runs\base\NifSkope.exe
49004|E:\Projects\NifskopeWWE-terr1\scratchpad\terr1_20260927\runs\base\NifSkope.exe lock:
14:21:04 flat2 waiting on: 45820|E:\Projects\NifskopeWWE-ident1\scratchpad\ident1_20260927\run_v2\NifSkope.exe lock:ident1
14:21:20 flat2 waiting on: 46872|E:\Projects\NifskopeWWE-ident1\scratchpad\ident1_20260927\run_v2\NifSkope.exe lock:
14:21:35 flat2 waiting on:  lock:ident1
14:21:51 flat2 waiting on:  lock:terr1
14:22:07 flat2 waiting on: 31764|E:\Projects\NifskopeWWE-terr1\scratchpad\terr1_20260927\runs\base\NifSkope.exe lock:
14:22:22 flat2 waiting on: 32804|E:\Projects\NifskopeWWE-terr1\scratchpad\terr1_20260927\runs\base\NifSkope.exe lock:terr1
14:22:38 flat2 waiting on: 31704|E:\Projects\NifskopeWWE-terr1\scratchpad\terr1_20260927\runs\base\NifSkope.exe lock:
14:22:54 flat2 waiting on: 52792|E:\Projects\NifskopeWWE-terr1\scratchpad\terr1_20260927\runs\base\NifSkope.exe lock:terr1
turn taken by flat2 at 14:23:09
released by flat2 14:24:11
rc=0 61 s  14:24:11
vt: levels 2 tiles 45 present 45 coverTiles 0 bytes 54933696 cover 1 coverIn mask sheets 4 emissive none maskPbrm 0 maskLegacyInverted 3 maskNoneDefault 0 maskRoughMaps 3 maskMetalMaps 0 maskEmissiveMaps 0 maskDistinctLtex 3 maskLayerRefs 15 finest 2 coarsest 4 content 512 border 8 mips 2 compressio
sea_off 0
