fog
  fog 117 probe lines
colour
  colour_12_64750 rc=0 61634 B
  colour_7_64750 rc=0 61580 B
  colour_19.5_64750 rc=0 61638 B
  colour_12_188250 rc=0 61644 B
pbr_fog1_gates judge, red=fogext05, CommonwealthClear fv=131 FNAM 72 bytes NAM4 yes, TNAM=30,54,102,126,175,68 ext=2 dirfogpower=8
spec
  ok   (spec) 06:00 w=0.5 near=1900 power=0.325 -- w=0.5000 near=1900.0 power=0.3250
  ok   (spec) 01:00 near=800
  ok   (spec) 12:00 d64750 z64 alpha=0.60018 -- 0.60018
  ok   (spec) 12:00 nearLow = (0.07383, 0.20471, 0.44787) -- (0.07384, 0.20472, 0.44787)
cli
  ok   the record as read: FNAM 72 bytes, NAM4 True, 18 floats + 32 scales = the judge's -- fogrec fnam=72 nam4=1 dirfogpower=8 colorext=2 fog=3000,250000,800,250000,0.35,0.3,0.85,0.85,64,25000,64,10000,0.95,0.975,64,15000,64,10000 scale=1,1,1,1,1,1,1,
  ok   fDirectionalFogPower / fDaytimeColorExtension = the judge's GMST read -- app 8 / 2 judge 8 / 2
  ok   12.00: day weight 1.0000 and the blended FNAM = the judge
  ok   12.00: the four fog colours (keys Day->Day t=0.000, Lab x NAM4, pow 2.2) = the judge, +-2/255
  ok   12.00: the cb12[41..46] packing = the judge
  ok   01.00: day weight 0.0000 and the blended FNAM = the judge
  ok   01.00: the four fog colours (keys Night->Night t=0.000, Lab x NAM4, pow 2.2) = the judge, +-2/255
  ok   01.00: the cb12[41..46] packing = the judge
  FAIL 06.00: day weight 0.5000 and the blended FNAM = the judge -- w app 0.3333 judge 0.5 near app 1533.3 judge 1900 power app 0.3167 judge 0.325 hds app 0.9667 judge 0.9625 nrange app 15000.0 judge 17500 frange app 11666.7 judge 12500
  ok   06.00: the four fog colours (keys Sunrise->LateSunrise t=0.000, Lab x NAM4, pow 2.2) = the judge, +-2/255
  FAIL 06.00: the cb12[41..46] packing = the judge -- row 41 app [4.02468504e-06, 3.33333337e-05, 0.00617118366, -0.49786666] judge ['4.03063e-06', '2.85714e-05', '0.0076582', '-0.498171']; row 42 app [0.0494362973, 0.0915223062, 0.136100248, 0.316666663] judge ['0.0494363', '0.0915224', '0.1361', '0.325']; row 44 app [0.263182789, 0.280137956, 0.442327827, 0.966666639] judge ['0.263183', '0.280138', '0.442328', '0.9625']; row 46 app [3.33333337e-05, 4.28571439e-05, -0.49786666, -0.497257143] judge ['2.85714e-05', '4e-05', '-0.498171', '-0.49744']
  FAIL 06.00 d=3000 z=64: fog alpha / hb = the judge, +-0.5/255 -- app alpha=0.076180 hb=0.500000 judge alpha=0.049849 hb=0.500000
  FAIL 06.00 d=4096 z=0: fog alpha / hb = the judge, +-0.5/255 -- app alpha=0.158848 hb=0.497860 judge alpha=0.124595 hb=0.498165
  FAIL 06.00 d=4096 z=64: fog alpha / hb = the judge, +-0.5/255 -- app alpha=0.158837 hb=0.500000 judge alpha=0.124586 hb=0.500000
  FAIL 06.00 d=5793 z=0: fog alpha / hb = the judge, +-0.5/255 -- app alpha=0.271352 hb=0.497856 judge alpha=0.254331 hb=0.498160
  FAIL 06.00 d=64750 z=64: fog alpha / hb = the judge, +-0.5/255 -- app alpha=0.637474 hb=0.500000 judge alpha=0.628022 hb=0.500000
  FAIL 06.00 d=188250 z=64: fog alpha / hb = the judge, +-0.5/255 -- app alpha=0.836704 hb=0.500000 judge alpha=0.834715 hb=0.500000
  FAIL 06.00 d=250000 z=64: fog alpha / hb = the judge, +-0.5/255 -- app alpha=0.983333 hb=0.500000 judge alpha=0.981250 hb=0.500000
  FAIL 06.00 d=250000 z=20000: fog alpha / hb = the judge, +-0.5/255 -- app alpha=0.966667 hb=1.000000 judge alpha=0.962500 hb=1.000000
  FAIL 06.00 d=62950 z=64: fog alpha / hb = the judge, +-0.5/255 -- app alpha=0.631669 hb=0.500000 judge alpha=0.622119 hb=0.500000
  FAIL 06.00 d=64750 z=12000: fog alpha / hb = the judge, +-0.5/255 -- app alpha=0.628315 hb=0.923852 judge alpha=0.619008 hb=0.875585
  FAIL 07.00: day weight 0.6667 and the blended FNAM = the judge -- w app 0.5556 judge 0.666667 near app 2022.2 judge 2266.67 power app 0.3278 judge 0.333333 hds app 0.9611 judge 0.958333 nrange app 18333.3 judge 20000 frange app 12777.8 judge 13333.3
  ok   07.00: the four fog colours (keys Sunrise->LateSunrise t=0.667, Lab x NAM4, pow 2.2) = the judge, +-2/255
  FAIL 07.00: the cb12[41..46] packing = the judge -- row 41 app [4.03261947e-06, 2.72727266e-05, 0.00815485232, -0.498254538] judge ['4.0366e-06', '2.5e-05', '0.00914962', '-0.4984']; row 42 app [0.162265956, 0.307787985, 0.540158033, 0.327777773] judge ['0.162266', '0.307788', '0.540158', '0.333333']; row 44 app [0.264708757, 0.343808115, 0.572461009, 0.961111128] judge ['0.264709', '0.343808', '0.572461', '0.958333']; row 46 app [2.72727266e-05, 3.91304347e-05, -0.498254538, -0.497495651] judge ['2.5e-05', '3.75e-05', '-0.4984', '-0.4976']
  FAIL 07.00 d=3000 z=64: fog alpha / hb = the judge, +-0.5/255 -- app alpha=0.041993 hb=0.500000 judge alpha=0.027745 hb=0.500000
  FAIL 07.00 d=4096 z=0: fog alpha / hb = the judge, +-0.5/255 -- app alpha=0.113960 hb=0.498248 judge alpha=0.093873 hb=0.498394
  FAIL 07.00 d=4096 z=64: fog alpha / hb = the judge, +-0.5/255 -- app alpha=0.113952 hb=0.500000 judge alpha=0.093866 hb=0.500000
  FAIL 07.00 d=5793 z=0: fog alpha / hb = the judge, +-0.5/255 -- app alpha=0.248661 hb=0.498243 judge alpha=0.225206 hb=0.498389
  FAIL 07.00 d=64750 z=64: fog alpha / hb = the judge, +-0.5/255 -- app alpha=0.624891 hb=0.500000 judge alpha=0.618657 hb=0.500000
  FAIL 07.00 d=250000 z=20000: fog alpha / hb = the judge, +-0.5/255 -- app alpha=0.961111 hb=1.000000 judge alpha=0.958333 hb=1.000000
  FAIL 07.00 d=62950 z=64: fog alpha / hb = the judge, +-0.5/255 -- app alpha=0.618956 hb=0.500000 judge alpha=0.612658 hb=0.500000
  FAIL 07.00 d=64750 z=12000: fog alpha / hb = the judge, +-0.5/255 -- app alpha=0.615936 hb=0.861329 judge alpha=0.609811 hb=0.836031
  ok   09.00: day weight 1.0000 and the blended FNAM = the judge
  ok   09.00: the four fog colours (keys Day->Day t=0.000, Lab x NAM4, pow 2.2) = the judge, +-2/255
  ok   09.00: the cb12[41..46] packing = the judge
  ok   17.00: day weight 1.0000 and the blended FNAM = the judge
  ok   17.00: the four fog colours (keys Day->Day t=0.000, Lab x NAM4, pow 2.2) = the judge, +-2/255
  ok   17.00: the cb12[41..46] packing = the judge
  FAIL 19.50: day weight 0.5833 and the blended FNAM = the judge -- w app 0.4444 judge 0.583333 near app 1777.8 judge 2083.33 power app 0.3222 judge 0.329167 hds app 0.9639 judge 0.960417 nrange app 16666.7 judge 18750 frange app 12222.2 judge 12916.7
  ok   19.50: the four fog colours (keys EarlySunset->Sunset t=0.667, Lab x NAM4, pow 2.2) = the judge, +-2/255
  FAIL 19.50: the cb12[41..46] packing = the judge -- row 41 app [4.02864816e-06, 3.00000011e-05, 0.0071620415, -0.498079985] judge ['4.03361e-06', '2.66667e-05', '0.00840336', '-0.498293']; row 42 app [0.0954508036, 0.158281997, 0.242669761, 0.322222233] judge ['0.0954508', '0.158282', '0.24267', '0.329167']; row 44 app [0.161973432, 0.210599661, 0.370981574, 0.963888884] judge ['0.161973', '0.2106', '0.370981', '0.960417']; row 46 app [3.00000011e-05, 4.09090899e-05, -0.498079985, -0.497381806] judge ['2.66667e-05', '3.87097e-05', '-0.498293', '-0.497523']
  FAIL 19.50 d=3000 z=64: fog alpha / hb = the judge, +-0.5/255 -- app alpha=0.058172 hb=0.500000 judge alpha=0.038244 hb=0.500000
  FAIL 19.50 d=4096 z=0: fog alpha / hb = the judge, +-0.5/255 -- app alpha=0.135622 hb=0.498073 judge alpha=0.108790 hb=0.498287
  FAIL 19.50 d=4096 z=64: fog alpha / hb = the judge, +-0.5/255 -- app alpha=0.135613 hb=0.500000 judge alpha=0.108783 hb=0.500000
  FAIL 19.50 d=5793 z=0: fog alpha / hb = the judge, +-0.5/255 -- app alpha=0.260001 hb=0.498069 judge alpha=0.245226 hb=0.498282
  FAIL 19.50 d=64750 z=64: fog alpha / hb = the judge, +-0.5/255 -- app alpha=0.631163 hb=0.500000 judge alpha=0.623329 hb=0.500000
  FAIL 19.50 d=250000 z=20000: fog alpha / hb = the judge, +-0.5/255 -- app alpha=0.963889 hb=1.000000 judge alpha=0.960417 hb=1.000000
  FAIL 19.50 d=62950 z=64: fog alpha / hb = the judge, +-0.5/255 -- app alpha=0.625293 hb=0.500000 judge alpha=0.617378 hb=0.500000
  FAIL 19.50 d=64750 z=12000: fog alpha / hb = the judge, +-0.5/255 -- app alpha=0.622085 hb=0.891114 judge alpha=0.614402 hb=0.854628
  FAIL 22.50: day weight 0.0833 and the blended FNAM = the judge -- w app 0.0000 judge 0.0833333 near app 800.0 judge 983.333 power app 0.3000 judge 0.304167 hds app 0.9750 judge 0.972917 nrange app 10000.0 judge 11250 frange app 10000.0 judge 10416.7
  ok   22.50: the four fog colours (keys LateSunset->Night t=0.667, Lab x NAM4, pow 2.2) = the judge, +-2/255
  FAIL 22.50: the cb12[41..46] packing = the judge -- row 41 app [4.01284115e-06, 4.99999987e-05, 0.00321027287, -0.496800005] judge ['4.0158e-06', '4.44444e-05', '0.00394887', '-0.497156']; row 42 app [0.00368278404, 0.00545437448, 0.00789067522, 0.300000012] judge ['0.00368275', '0.00545434', '0.00789069', '0.304167']; row 44 app [0.030390542, 0.0553158708, 0.096025832, 0.975000024] judge ['0.0303905', '0.0553159', '0.0960258', '0.972917']; row 46 app [4.99999987e-05, 4.99999987e-05, -0.496800005, -0.496800005] judge ['4.44444e-05', '4.8e-05', '-0.497156', '-0.496928']
  FAIL 22.50 d=3000 z=64: fog alpha / hb = the judge, +-0.5/255 -- app alpha=0.140632 hb=0.500000 judge alpha=0.123084 hb=0.500000
  FAIL 22.50 d=4096 z=0: fog alpha / hb = the judge, +-0.5/255 -- app alpha=0.237877 hb=0.496800 judge alpha=0.216804 hb=0.497153
  FAIL 22.50 d=4096 z=64: fog alpha / hb = the judge, +-0.5/255 -- app alpha=0.237857 hb=0.500000 judge alpha=0.216787 hb=0.500000
  FAIL 22.50 d=5793 z=0: fog alpha / hb = the judge, +-0.5/255 -- app alpha=0.305574 hb=0.496800 judge alpha=0.296986 hb=0.497151
  FAIL 22.50 d=64750 z=64: fog alpha / hb = the judge, +-0.5/255 -- app alpha=0.656636 hb=0.500000 judge alpha=0.651813 hb=0.500000
  FAIL 22.50 d=250000 z=20000: fog alpha / hb = the judge, +-0.5/255 -- app alpha=0.975000 hb=1.000000 judge alpha=0.972917 hb=1.000000
  FAIL 22.50 d=62950 z=64: fog alpha / hb = the judge, +-0.5/255 -- app alpha=0.651036 hb=0.500000 judge alpha=0.646161 hb=0.500000
  FAIL 22.50 d=64750 z=12000: fog alpha / hb = the judge, +-0.5/255 -- app alpha=0.648324 hb=1.000000 judge alpha=0.642865 hb=1.000000
  FAIL 04.00: day weight 0.1667 and the blended FNAM = the judge -- w app 0.0000 judge 0.166667 near app 800.0 judge 1166.67 power app 0.3000 judge 0.308333 hds app 0.9750 judge 0.970833 nrange app 10000.0 judge 12500 frange app 10000.0 judge 10833.3
  ok   04.00: the four fog colours (keys Night->EarlySunrise t=0.667, Lab x NAM4, pow 2.2) = the judge, +-2/255
  FAIL 04.00: the cb12[41..46] packing = the judge -- row 41 app [4.01284115e-06, 4.99999987e-05, 0.00321027287, -0.496800005] judge ['4.01875e-06', '4e-05', '0.00468855', '-0.49744']; row 42 app [0.00814206898, 0.0138293747, 0.0229919776, 0.300000012] judge ['0.00814207', '0.0138294', '0.022992', '0.308333']; row 44 app [0.0522133857, 0.0890484154, 0.158480823, 0.975000024] judge ['0.0522134', '0.0890485', '0.158481', '0.970833']; row 46 app [4.99999987e-05, 4.99999987e-05, -0.496800005, -0.496800005] judge ['4e-05', '4.61538e-05', '-0.49744', '-0.497046']
  FAIL 04.00 d=3000 z=64: fog alpha / hb = the judge, +-0.5/255 -- app alpha=0.140632 hb=0.500000 judge alpha=0.106485 hb=0.500000
  FAIL 04.00 d=4096 z=0: fog alpha / hb = the judge, +-0.5/255 -- app alpha=0.237877 hb=0.496800 judge alpha=0.196609 hb=0.497435
  FAIL 04.00 d=4096 z=64: fog alpha / hb = the judge, +-0.5/255 -- app alpha=0.237857 hb=0.500000 judge alpha=0.196594 hb=0.500000
  FAIL 04.00 d=5793 z=0: fog alpha / hb = the judge, +-0.5/255 -- app alpha=0.305574 hb=0.496800 judge alpha=0.288423 hb=0.497433
  FAIL 04.00 d=64750 z=64: fog alpha / hb = the judge, +-0.5/255 -- app alpha=0.656636 hb=0.500000 judge alpha=0.647012 hb=0.500000
  FAIL 04.00 d=188250 z=64: fog alpha / hb = the judge, +-0.5/255 -- app alpha=0.840683 hb=0.500000 judge alpha=0.838693 hb=0.500000
  FAIL 04.00 d=250000 z=64: fog alpha / hb = the judge, +-0.5/255 -- app alpha=0.987500 hb=0.500000 judge alpha=0.985417 hb=0.500000
  FAIL 04.00 d=250000 z=20000: fog alpha / hb = the judge, +-0.5/255 -- app alpha=0.975000 hb=1.000000 judge alpha=0.970833 hb=1.000000
  FAIL 04.00 d=62950 z=64: fog alpha / hb = the judge, +-0.5/255 -- app alpha=0.651036 hb=0.500000 judge alpha=0.641308 hb=0.500000
  FAIL 04.00 d=64750 z=12000: fog alpha / hb = the judge, +-0.5/255 -- app alpha=0.648324 hb=1.000000 judge alpha=0.637758 hb=0.983205
  FAIL every probed fragment (9 hours x 13) = the judge, +-0.5/255 -- 73 of 117
colour
  ok   12.00 d=64750 z=64 (keys Day->Day t=0.000): the shader's fog colour / 2 = the judge (42.9,64.9,95.9), +-2 -- shader (43, 65, 96) (100%)
  ok   07.00 d=64750 z=64 (keys Sunrise->LateSunrise t=0.667): the shader's fog colour / 2 = the judge (23.8,35.8,62.3), +-2 -- shader (24, 36, 63) (100%)
  ok   19.50 d=64750 z=64 (keys EarlySunset->Sunset t=0.667): the shader's fog colour / 2 = the judge (11.8,16.6,28.6), +-2 -- shader (12, 17, 29) (100%)
  ok   12.00 d=188250 z=0 (keys Day->Day t=0.000): the shader's fog colour / 2 = the judge (56.7,83.2,119.1), +-2 -- shader (57, 83, 119) (100%)
82 checks, 55 failures
FAIL
