fog
  fog 117 probe lines
alpha
  alpha_12_4096 rc=0 61626 B
  alpha_12_64750 rc=0 61498 B
  alpha_12_250000 rc=0 61475 B
  alpha_1_4096 rc=0 61719 B
  alpha_1_64750 rc=0 61480 B
  alpha_1_250000 rc=0 61460 B
pbr_fog1_gates judge, red=fogmaxclamp, CommonwealthClear fv=131 FNAM 72 bytes NAM4 yes, TNAM=30,54,102,126,175,68 ext=2 dirfogpower=8
spec
  ok   (spec) 06:00 w=0.5 near=1900 power=0.325 -- w=0.5000 near=1900.0 power=0.3250
  ok   (spec) 01:00 near=800
  ok   (spec) 12:00 d64750 z64 alpha=0.60018 -- 0.60018
  ok   (spec) 12:00 nearLow = (0.07383, 0.20471, 0.44787) -- (0.07384, 0.20472, 0.44787)
cli
  ok   the record as read: FNAM 72 bytes, NAM4 True, 18 floats + 32 scales = the judge's -- fogrec fnam=72 nam4=1 dirfogpower=8 colorext=2 fog=3000,250000,800,250000,0.35,0.3,0.85,0.85,64,25000,64,10000,0.95,0.975,64,15000,64,10000 scale=1,1,1,1,1,1,1,
  ok   fDirectionalFogPower / fDaytimeColorExtension = the judge's GMST read -- app 8 / 2 judge 8 / 2
  ok   12.00: day weight 1.0000 and the blended FNAM = the judge
  ok   12.00: the four fog colours (keys Day->Day t=0.000, Lab x NAM4, pow 2.2) = the judge, +-2/255
  ok   12.00: the cb12[41..46] packing = the judge
  FAIL 12.00 d=250000 z=64: fog alpha / hb = the judge, +-0.5/255 -- app alpha=0.828750 hb=0.500000 judge alpha=0.975000 hb=0.500000
  FAIL 12.00 d=250000 z=20000: fog alpha / hb = the judge, +-0.5/255 -- app alpha=0.807500 hb=1.000000 judge alpha=0.950000 hb=1.000000
  FAIL 12.00 d=250000 z=-20000: fog alpha / hb = the judge, +-0.5/255 -- app alpha=0.850000 hb=0.000000 judge alpha=1.000000 hb=0.000000
  ok   01.00: day weight 0.0000 and the blended FNAM = the judge
  ok   01.00: the four fog colours (keys Night->Night t=0.000, Lab x NAM4, pow 2.2) = the judge, +-2/255
  ok   01.00: the cb12[41..46] packing = the judge
  FAIL 01.00 d=250000 z=64: fog alpha / hb = the judge, +-0.5/255 -- app alpha=0.839375 hb=0.500000 judge alpha=0.987500 hb=0.500000
  FAIL 01.00 d=250000 z=20000: fog alpha / hb = the judge, +-0.5/255 -- app alpha=0.828750 hb=1.000000 judge alpha=0.975000 hb=1.000000
  FAIL 01.00 d=250000 z=-20000: fog alpha / hb = the judge, +-0.5/255 -- app alpha=0.850000 hb=0.000000 judge alpha=1.000000 hb=0.000000
  ok   06.00: day weight 0.5000 and the blended FNAM = the judge
  ok   06.00: the four fog colours (keys Sunrise->LateSunrise t=0.000, Lab x NAM4, pow 2.2) = the judge, +-2/255
  ok   06.00: the cb12[41..46] packing = the judge
  FAIL 06.00 d=250000 z=64: fog alpha / hb = the judge, +-0.5/255 -- app alpha=0.834063 hb=0.500000 judge alpha=0.981250 hb=0.500000
  FAIL 06.00 d=250000 z=20000: fog alpha / hb = the judge, +-0.5/255 -- app alpha=0.818125 hb=1.000000 judge alpha=0.962500 hb=1.000000
  FAIL 06.00 d=250000 z=-20000: fog alpha / hb = the judge, +-0.5/255 -- app alpha=0.850000 hb=0.000000 judge alpha=1.000000 hb=0.000000
  ok   07.00: day weight 0.6667 and the blended FNAM = the judge
  ok   07.00: the four fog colours (keys Sunrise->LateSunrise t=0.667, Lab x NAM4, pow 2.2) = the judge, +-2/255
  ok   07.00: the cb12[41..46] packing = the judge
  FAIL 07.00 d=250000 z=64: fog alpha / hb = the judge, +-0.5/255 -- app alpha=0.832292 hb=0.500000 judge alpha=0.979167 hb=0.500000
  FAIL 07.00 d=250000 z=20000: fog alpha / hb = the judge, +-0.5/255 -- app alpha=0.814583 hb=1.000000 judge alpha=0.958333 hb=1.000000
  FAIL 07.00 d=250000 z=-20000: fog alpha / hb = the judge, +-0.5/255 -- app alpha=0.850000 hb=0.000000 judge alpha=1.000000 hb=0.000000
  ok   09.00: day weight 1.0000 and the blended FNAM = the judge
  ok   09.00: the four fog colours (keys Day->Day t=0.000, Lab x NAM4, pow 2.2) = the judge, +-2/255
  ok   09.00: the cb12[41..46] packing = the judge
  FAIL 09.00 d=250000 z=64: fog alpha / hb = the judge, +-0.5/255 -- app alpha=0.828750 hb=0.500000 judge alpha=0.975000 hb=0.500000
  FAIL 09.00 d=250000 z=20000: fog alpha / hb = the judge, +-0.5/255 -- app alpha=0.807500 hb=1.000000 judge alpha=0.950000 hb=1.000000
  FAIL 09.00 d=250000 z=-20000: fog alpha / hb = the judge, +-0.5/255 -- app alpha=0.850000 hb=0.000000 judge alpha=1.000000 hb=0.000000
  ok   17.00: day weight 1.0000 and the blended FNAM = the judge
  ok   17.00: the four fog colours (keys Day->Day t=0.000, Lab x NAM4, pow 2.2) = the judge, +-2/255
  ok   17.00: the cb12[41..46] packing = the judge
  FAIL 17.00 d=250000 z=64: fog alpha / hb = the judge, +-0.5/255 -- app alpha=0.828750 hb=0.500000 judge alpha=0.975000 hb=0.500000
  FAIL 17.00 d=250000 z=20000: fog alpha / hb = the judge, +-0.5/255 -- app alpha=0.807500 hb=1.000000 judge alpha=0.950000 hb=1.000000
  FAIL 17.00 d=250000 z=-20000: fog alpha / hb = the judge, +-0.5/255 -- app alpha=0.850000 hb=0.000000 judge alpha=1.000000 hb=0.000000
  ok   19.50: day weight 0.5833 and the blended FNAM = the judge
  ok   19.50: the four fog colours (keys EarlySunset->Sunset t=0.667, Lab x NAM4, pow 2.2) = the judge, +-2/255
  ok   19.50: the cb12[41..46] packing = the judge
  FAIL 19.50 d=250000 z=64: fog alpha / hb = the judge, +-0.5/255 -- app alpha=0.833177 hb=0.500000 judge alpha=0.980208 hb=0.500000
  FAIL 19.50 d=250000 z=20000: fog alpha / hb = the judge, +-0.5/255 -- app alpha=0.816354 hb=1.000000 judge alpha=0.960417 hb=1.000000
  FAIL 19.50 d=250000 z=-20000: fog alpha / hb = the judge, +-0.5/255 -- app alpha=0.850000 hb=0.000000 judge alpha=1.000000 hb=0.000000
  ok   22.50: day weight 0.0833 and the blended FNAM = the judge
  ok   22.50: the four fog colours (keys LateSunset->Night t=0.667, Lab x NAM4, pow 2.2) = the judge, +-2/255
  ok   22.50: the cb12[41..46] packing = the judge
  FAIL 22.50 d=250000 z=64: fog alpha / hb = the judge, +-0.5/255 -- app alpha=0.838490 hb=0.500000 judge alpha=0.986458 hb=0.500000
  FAIL 22.50 d=250000 z=20000: fog alpha / hb = the judge, +-0.5/255 -- app alpha=0.826979 hb=1.000000 judge alpha=0.972917 hb=1.000000
  FAIL 22.50 d=250000 z=-20000: fog alpha / hb = the judge, +-0.5/255 -- app alpha=0.850000 hb=0.000000 judge alpha=1.000000 hb=0.000000
  ok   04.00: day weight 0.1667 and the blended FNAM = the judge
  ok   04.00: the four fog colours (keys Night->EarlySunrise t=0.667, Lab x NAM4, pow 2.2) = the judge, +-2/255
  ok   04.00: the cb12[41..46] packing = the judge
  FAIL 04.00 d=250000 z=64: fog alpha / hb = the judge, +-0.5/255 -- app alpha=0.837604 hb=0.500000 judge alpha=0.985417 hb=0.500000
  FAIL 04.00 d=250000 z=20000: fog alpha / hb = the judge, +-0.5/255 -- app alpha=0.825208 hb=1.000000 judge alpha=0.970833 hb=1.000000
  FAIL 04.00 d=250000 z=-20000: fog alpha / hb = the judge, +-0.5/255 -- app alpha=0.850000 hb=0.000000 judge alpha=1.000000 hb=0.000000
  FAIL every probed fragment (9 hours x 13) = the judge, +-0.5/255 -- 90 of 117
alpha
  ok   12.00 d=4096 z=64: the shader's fog alpha = the judge 11.04/255, +-1 -- shader (11, 11, 11) (100% of the ground)
  ok   12.00 d=64750 z=64: the shader's fog alpha = the judge 153.05/255, +-1 -- shader (153, 153, 153) (100% of the ground)
  FAIL 12.00 d=250000 z=64: the shader's fog alpha = the judge 248.62/255, +-1 -- shader (211, 211, 211) (100% of the ground)
  ok   01.00 d=4096 z=64: the shader's fog alpha = the judge 60.65/255, +-1 -- shader (61, 61, 61) (100% of the ground)
  ok   01.00 d=64750 z=64: the shader's fog alpha = the judge 167.44/255, +-1 -- shader (167, 167, 167) (100% of the ground)
  FAIL 01.00 d=250000 z=64: the shader's fog alpha = the judge 251.81/255, +-1 -- shader (214, 214, 214) (100% of the ground)
67 checks, 30 failures
FAIL
