fog
  fog 117 probe lines
colour
  colour_12_64750 rc=0 61598 B
  colour_7_64750 rc=0 61589 B
  colour_19.5_64750 rc=0 61660 B
  colour_12_188250 rc=0 61562 B
pbr_fog1_gates judge, red=fognogamma, CommonwealthClear fv=131 FNAM 72 bytes NAM4 yes, TNAM=30,54,102,126,175,68 ext=2 dirfogpower=8
spec
  ok   (spec) 06:00 w=0.5 near=1900 power=0.325 -- w=0.5000 near=1900.0 power=0.3250
  ok   (spec) 01:00 near=800
  ok   (spec) 12:00 d64750 z64 alpha=0.60018 -- 0.60018
  ok   (spec) 12:00 nearLow = (0.07383, 0.20471, 0.44787) -- (0.07384, 0.20472, 0.44787)
cli
  ok   the record as read: FNAM 72 bytes, NAM4 True, 18 floats + 32 scales = the judge's -- fogrec fnam=72 nam4=1 dirfogpower=8 colorext=2 fog=3000,250000,800,250000,0.35,0.3,0.85,0.85,64,25000,64,10000,0.95,0.975,64,15000,64,10000 scale=1,1,1,1,1,1,1,
  ok   fDirectionalFogPower / fDaytimeColorExtension = the judge's GMST read -- app 8 / 2 judge 8 / 2
  ok   12.00: day weight 1.0000 and the blended FNAM = the judge
  FAIL 12.00: the four fog colours (keys Day->Day t=0.000, Lab x NAM4, pow 2.2) = the judge, +-2/255 -- nearlow app 0.30590,0.48628,0.69412 judge 0.07384,0.20472,0.44787; farlow app 0.91139,1.05414,1.21334 judge 0.81535,1.12299,1.53025; nearhigh app 0.22354,0.29020,0.36471 judge 0.03703,0.06576,0.10871; farhigh app 0.49178,0.62982,0.77216 judge 0.20984,0.36163,0.56618
  FAIL 12.00: the cb12[41..46] packing = the judge -- row 42 app [0.30590117, 0.486281514, 0.694120347, 0.349999994] judge ['0.0738378', '0.204717', '0.447875', '0.35']; row 43 app [0.223535642, 0.290201813, 0.364707768, 0.850000024] judge ['0.0370308', '0.0657568', '0.108712', '0.85']; row 44 app [0.911387026, 1.0541389, 1.21334004, 0.949999988] judge ['0.815354', '1.12299', '1.53025', '0.95']; row 45 app [0.491777122, 0.629815459, 0.772160828, 0.0] judge ['0.209841', '0.361634', '0.566183', '0']
  ok   01.00: day weight 0.0000 and the blended FNAM = the judge
  FAIL 01.00: the four fog colours (keys Night->Night t=0.000, Lab x NAM4, pow 2.2) = the judge, +-2/255 -- nearlow app 0.01569,0.02353,0.03529 judge 0.00011,0.00026,0.00064; farlow app 0.16863,0.22746,0.28628 judge 0.01992,0.03847,0.06382; nearhigh app 0.00784,0.01177,0.01961 judge 0.00002,0.00006,0.00018; farhigh app 0.08236,0.12549,0.17647 judge 0.00412,0.01040,0.02201
  FAIL 01.00: the cb12[41..46] packing = the judge -- row 42 app [0.0156869199, 0.0235304479, 0.0352945402, 0.300000012] judge ['0.000107198', '0.000261568', '0.000638199', '0.3']; row 43 app [0.00784353726, 0.0117651969, 0.0196080636, 0.850000024] judge ['2.33306e-05', '5.6927e-05', '0.000175128', '0.85']; row 44 app [0.168632597, 0.227455631, 0.286276102, 0.975000024] judge ['0.0199192', '0.0384745', '0.0638157', '0.975']; row 45 app [0.0823571086, 0.12549296, 0.176471516, 0.0] judge ['0.00411664', '0.0103983', '0.0220133', '0']
  ok   06.00: day weight 0.5000 and the blended FNAM = the judge
  FAIL 06.00: the four fog colours (keys Sunrise->LateSunrise t=0.000, Lab x NAM4, pow 2.2) = the judge, +-2/255 -- nearlow app 0.25491,0.33726,0.40392 judge 0.04944,0.09152,0.13610; farlow app 0.54511,0.56080,0.69020 judge 0.26318,0.28014,0.44233; nearhigh app 0.09021,0.18040,0.26667 judge 0.00503,0.02310,0.05459; farhigh app 0.38040,0.46668,0.61177 judge 0.11927,0.18700,0.33923
  FAIL 06.00: the cb12[41..46] packing = the judge -- row 42 app [0.254908621, 0.337261528, 0.403923869, 0.324999988] judge ['0.0494363', '0.0915224', '0.1361', '0.325']; row 43 app [0.0902051181, 0.180395082, 0.266667932, 0.850000024] judge ['0.0050293', '0.0231044', '0.0545928', '0.85']; row 44 app [0.545105636, 0.560796678, 0.690199554, 0.962499976] judge ['0.263183', '0.280138', '0.442328', '0.9625']; row 45 app [0.380402267, 0.466675252, 0.61176759, 0.0] judge ['0.119271', '0.186996', '0.339227', '0']
  ok   07.00: day weight 0.6667 and the blended FNAM = the judge
  FAIL 07.00: the four fog colours (keys Sunrise->LateSunrise t=0.667, Lab x NAM4, pow 2.2) = the judge, +-2/255 -- nearlow app 0.43753,0.58531,0.75582 judge 0.16227,0.30779,0.54016; farlow app 0.54654,0.61551,0.77604 judge 0.26471,0.34381,0.57246; nearhigh app 0.11633,0.21419,0.33404 judge 0.00880,0.03371,0.08961; farhigh app 0.50955,0.61651,0.79782 judge 0.22688,0.34504,0.60841
  FAIL 07.00: the cb12[41..46] packing = the judge -- row 42 app [0.43753466, 0.585311592, 0.755820334, 0.333333343] judge ['0.162266', '0.307788', '0.540158', '0.333333']; row 43 app [0.116332248, 0.214186847, 0.334042549, 0.850000024] judge ['0.00880113', '0.0337089', '0.0896116', '0.85']; row 44 app [0.546540022, 0.615509272, 0.776040733, 0.958333313] judge ['0.264709', '0.343808', '0.572461', '0.958333']; row 45 app [0.509546816, 0.616511106, 0.797822893, 0.0] judge ['0.226885', '0.345041', '0.608407', '0']
  ok   09.00: day weight 1.0000 and the blended FNAM = the judge
  FAIL 09.00: the four fog colours (keys Day->Day t=0.000, Lab x NAM4, pow 2.2) = the judge, +-2/255 -- nearlow app 0.30590,0.48628,0.69412 judge 0.07384,0.20472,0.44787; farlow app 0.91139,1.05414,1.21334 judge 0.81535,1.12299,1.53025; nearhigh app 0.22354,0.29020,0.36471 judge 0.03703,0.06576,0.10871; farhigh app 0.49178,0.62982,0.77216 judge 0.20984,0.36163,0.56618
  FAIL 09.00: the cb12[41..46] packing = the judge -- row 42 app [0.30590117, 0.486281514, 0.694120347, 0.349999994] judge ['0.0738378', '0.204717', '0.447875', '0.35']; row 43 app [0.223535642, 0.290201813, 0.364707768, 0.850000024] judge ['0.0370308', '0.0657568', '0.108712', '0.85']; row 44 app [0.911387026, 1.0541389, 1.21334004, 0.949999988] judge ['0.815354', '1.12299', '1.53025', '0.95']; row 45 app [0.491777122, 0.629815459, 0.772160828, 0.0] judge ['0.209841', '0.361634', '0.566183', '0']
  ok   17.00: day weight 1.0000 and the blended FNAM = the judge
  FAIL 17.00: the four fog colours (keys Day->Day t=0.000, Lab x NAM4, pow 2.2) = the judge, +-2/255 -- nearlow app 0.30590,0.48628,0.69412 judge 0.07384,0.20472,0.44787; farlow app 0.91139,1.05414,1.21334 judge 0.81535,1.12299,1.53025; nearhigh app 0.22354,0.29020,0.36471 judge 0.03703,0.06576,0.10871; farhigh app 0.49178,0.62982,0.77216 judge 0.20984,0.36163,0.56618
  FAIL 17.00: the cb12[41..46] packing = the judge -- row 42 app [0.30590117, 0.486281514, 0.694120347, 0.349999994] judge ['0.0738378', '0.204717', '0.447875', '0.35']; row 43 app [0.223535642, 0.290201813, 0.364707768, 0.850000024] judge ['0.0370308', '0.0657568', '0.108712', '0.85']; row 44 app [0.911387026, 1.0541389, 1.21334004, 0.949999988] judge ['0.815354', '1.12299', '1.53025', '0.95']; row 45 app [0.491777122, 0.629815459, 0.772160828, 0.0] judge ['0.209841', '0.361634', '0.566183', '0']
  ok   19.50: day weight 0.5833 and the blended FNAM = the judge
  FAIL 19.50: the four fog colours (keys EarlySunset->Sunset t=0.667, Lab x NAM4, pow 2.2) = the judge, +-2/255 -- nearlow app 0.34377,0.43262,0.52537 judge 0.09545,0.15828,0.24267; farlow app 0.43718,0.49258,0.63716 judge 0.16197,0.21060,0.37098; nearhigh app 0.08672,0.13839,0.18136 judge 0.00461,0.01289,0.02338; farhigh app 0.30065,0.35346,0.45990 judge 0.07108,0.10147,0.18107
  FAIL 19.50: the cb12[41..46] packing = the judge -- row 42 app [0.343766421, 0.432618648, 0.525365651, 0.329166681] judge ['0.0954508', '0.158282', '0.24267', '0.329167']; row 43 app [0.086723119, 0.138385028, 0.181356296, 0.850000024] judge ['0.00461208', '0.0128943', '0.0233761', '0.85']; row 44 app [0.437175959, 0.492584527, 0.637163758, 0.960416675] judge ['0.161973', '0.2106', '0.370981', '0.960417']; row 45 app [0.300648302, 0.353461713, 0.459897965, 0.0] judge ['0.071077', '0.101474', '0.181074', '0']
  ok   22.50: day weight 0.0833 and the blended FNAM = the judge
  FAIL 22.50: the four fog colours (keys LateSunset->Night t=0.667, Lab x NAM4, pow 2.2) = the judge, +-2/255 -- nearlow app 0.07829,0.09359,0.11070 judge 0.00368,0.00545,0.00789; farlow app 0.20433,0.26827,0.34471 judge 0.03039,0.05532,0.09603; nearhigh app 0.04307,0.05841,0.08539 judge 0.00099,0.00193,0.00446; farhigh app 0.11758,0.16828,0.22817 judge 0.00901,0.01983,0.03874
  FAIL 22.50: the cb12[41..46] packing = the judge -- row 42 app [0.0782918409, 0.0935939401, 0.110698774, 0.304166675] judge ['0.00368275', '0.00545434', '0.00789069', '0.304167']; row 43 app [0.0430665314, 0.0584107898, 0.0853945091, 0.850000024] judge ['0.000988791', '0.00193322', '0.00445803', '0.85']; row 44 app [0.204331666, 0.268267512, 0.344706237, 0.972916663] judge ['0.0303905', '0.0553159', '0.0960258', '0.972917']; row 45 app [0.117584199, 0.168281958, 0.228167415, 0.0] judge ['0.00901089', '0.0198282', '0.0387399', '0']
  ok   04.00: day weight 0.1667 and the blended FNAM = the judge
  FAIL 04.00: the four fog colours (keys Night->EarlySunrise t=0.667, Lab x NAM4, pow 2.2) = the judge, +-2/255 -- nearlow app 0.11229,0.14286,0.18000 judge 0.00814,0.01383,0.02299; farlow app 0.26132,0.33309,0.43287 judge 0.05221,0.08905,0.15848; nearhigh app 0.07457,0.10814,0.14473 judge 0.00331,0.00749,0.01423; farhigh app 0.16177,0.22543,0.29955 judge 0.01818,0.03773,0.07051
  FAIL 04.00: the cb12[41..46] packing = the judge -- row 42 app [0.11228817, 0.142859876, 0.179995641, 0.308333337] judge ['0.00814207', '0.0138294', '0.022992', '0.308333']; row 43 app [0.0745698437, 0.10813944, 0.14472805, 0.849999964] judge ['0.00330856', '0.00749489', '0.0142304', '0.85']; row 44 app [0.261320561, 0.333086759, 0.43286559, 0.970833361] judge ['0.0522134', '0.0890485', '0.158481', '0.970833']; row 45 app [0.16177474, 0.225432754, 0.29954794, 0.0] judge ['0.0181804', '0.0377257', '0.070506', '0']
  ok   every probed fragment (9 hours x 13) = the judge, +-0.5/255 -- 117 of 117
colour
  FAIL 12.00 d=64750 z=64 (keys Day->Day t=0.000): the shader's fog colour / 2 = the judge (42.9,64.9,95.9), +-2 -- shader (68, 85, 104) (100%)
  FAIL 07.00 d=64750 z=64 (keys Sunrise->LateSunrise t=0.667): the shader's fog colour / 2 = the judge (23.8,35.8,62.3), +-2 -- shader (56, 68, 89) (100%)
  FAIL 19.50 d=64750 z=64 (keys EarlySunset->Sunset t=0.667): the shader's fog colour / 2 = the judge (11.8,16.6,28.6), +-2 -- shader (40, 48, 61) (100%)
  FAIL 12.00 d=188250 z=0 (keys Day->Day t=0.000): the shader's fog colour / 2 = the judge (56.7,83.2,119.1), +-2 -- shader (81, 99, 118) (100%)
38 checks, 22 failures
FAIL
