fog
  fog 117 probe lines
alpha
  alpha_12_4096 rc=0 61728 B
  alpha_12_64750 rc=0 61508 B
  alpha_12_250000 rc=0 61456 B
  alpha_1_4096 rc=0 61592 B
  alpha_1_64750 rc=0 61505 B
  alpha_1_250000 rc=0 61457 B
near
  near_on rc=0 517873 B
  near_off rc=0 518086 B
pbr_fog1_gates judge, red=fognear0, CommonwealthClear fv=131 FNAM 72 bytes NAM4 yes, TNAM=30,54,102,126,175,68 ext=2 dirfogpower=8
spec
  ok   (spec) 06:00 w=0.5 near=1900 power=0.325 -- w=0.5000 near=1900.0 power=0.3250
  ok   (spec) 01:00 near=800
  ok   (spec) 12:00 d64750 z64 alpha=0.60018 -- 0.60018
  ok   (spec) 12:00 nearLow = (0.07383, 0.20471, 0.44787) -- (0.07384, 0.20472, 0.44787)
cli
  ok   the record as read: FNAM 72 bytes, NAM4 True, 18 floats + 32 scales = the judge's -- fogrec fnam=72 nam4=1 dirfogpower=8 colorext=2 fog=3000,250000,800,250000,0.35,0.3,0.85,0.85,64,25000,64,10000,0.95,0.975,64,15000,64,10000 scale=1,1,1,1,1,1,1,
  ok   fDirectionalFogPower / fDaytimeColorExtension = the judge's GMST read -- app 8 / 2 judge 8 / 2
  FAIL 12.00: day weight 1.0000 and the blended FNAM = the judge -- near app 0.0 judge 3000
  ok   12.00: the four fog colours (keys Day->Day t=0.000, Lab x NAM4, pow 2.2) = the judge, +-2/255
  FAIL 12.00: the cb12[41..46] packing = the judge -- row 41 app [3.99999999e-06, 1.99999995e-05, 0.0, -0.49871999] judge ['4.04858e-06', '2e-05', '0.0121457', '-0.49872']
  FAIL 12.00 d=500 z=0: fog alpha / hb = the judge, +-0.5/255 -- app alpha=0.014768 hb=0.498718 judge alpha=0.000000 hb=0.498720
  FAIL 12.00 d=3000 z=64: fog alpha / hb = the judge, +-0.5/255 -- app alpha=0.165885 hb=0.500000 judge alpha=0.000000 hb=0.500000
  FAIL 12.00 d=4096 z=0: fog alpha / hb = the judge, +-0.5/255 -- app alpha=0.231249 hb=0.498706 judge alpha=0.043306 hb=0.498716
  FAIL 12.00 d=4096 z=64: fog alpha / hb = the judge, +-0.5/255 -- app alpha=0.231234 hb=0.500000 judge alpha=0.043303 hb=0.500000
  FAIL 12.00 d=5793 z=0: fog alpha / hb = the judge, +-0.5/255 -- app alpha=0.261078 hb=0.498700 judge alpha=0.153108 hb=0.498710
  FAIL 12.00 d=64750 z=64: fog alpha / hb = the judge, +-0.5/255 -- app alpha=0.607659 hb=0.500000 judge alpha=0.600183 hb=0.500000
  FAIL 12.00 d=800 z=0: fog alpha / hb = the judge, +-0.5/255 -- app alpha=0.027854 hb=0.498717 judge alpha=0.000000 hb=0.498720
  FAIL 12.00 d=62950 z=64: fog alpha / hb = the judge, +-0.5/255 -- app alpha=0.601692 hb=0.500000 judge alpha=0.594001 hb=0.500000
  FAIL 12.00 d=64750 z=12000: fog alpha / hb = the judge, +-0.5/255 -- app alpha=0.598935 hb=0.779939 judge alpha=0.591611 hb=0.778507
  FAIL 01.00: day weight 0.0000 and the blended FNAM = the judge -- near app 0.0 judge 800
  ok   01.00: the four fog colours (keys Night->Night t=0.000, Lab x NAM4, pow 2.2) = the judge, +-2/255
  FAIL 01.00: the cb12[41..46] packing = the judge -- row 41 app [3.99999999e-06, 4.99999987e-05, 0.0, -0.496800005] judge ['4.01284e-06', '5e-05', '0.00321027', '-0.4968']
  FAIL 01.00 d=500 z=0: fog alpha / hb = the judge, +-0.5/255 -- app alpha=0.020409 hb=0.496800 judge alpha=0.000000 hb=0.496800
  FAIL 01.00 d=3000 z=64: fog alpha / hb = the judge, +-0.5/255 -- app alpha=0.209595 hb=0.500000 judge alpha=0.140632 hb=0.500000
  FAIL 01.00 d=4096 z=0: fog alpha / hb = the judge, +-0.5/255 -- app alpha=0.287672 hb=0.496800 judge alpha=0.237877 hb=0.496800
  FAIL 01.00 d=4096 z=64: fog alpha / hb = the judge, +-0.5/255 -- app alpha=0.287649 hb=0.500000 judge alpha=0.237857 hb=0.500000
  FAIL 01.00 d=5793 z=0: fog alpha / hb = the judge, +-0.5/255 -- app alpha=0.319199 hb=0.496800 judge alpha=0.305574 hb=0.496800
  FAIL 01.00 d=800 z=0: fog alpha / hb = the judge, +-0.5/255 -- app alpha=0.037599 hb=0.496800 judge alpha=0.000000 hb=0.496800
  FAIL 06.00: day weight 0.5000 and the blended FNAM = the judge -- near app 0.0 judge 1900
  ok   06.00: the four fog colours (keys Sunrise->LateSunrise t=0.000, Lab x NAM4, pow 2.2) = the judge, +-2/255
  FAIL 06.00: the cb12[41..46] packing = the judge -- row 41 app [3.99999999e-06, 2.85714286e-05, 0.0, -0.498171419] judge ['4.03063e-06', '2.85714e-05', '0.0076582', '-0.498171']
  FAIL 06.00 d=500 z=0: fog alpha / hb = the judge, +-0.5/255 -- app alpha=0.017361 hb=0.498170 judge alpha=0.000000 hb=0.498171
  FAIL 06.00 d=3000 z=64: fog alpha / hb = the judge, +-0.5/255 -- app alpha=0.186468 hb=0.500000 judge alpha=0.049849 hb=0.500000
  FAIL 06.00 d=4096 z=0: fog alpha / hb = the judge, +-0.5/255 -- app alpha=0.257927 hb=0.498159 judge alpha=0.124595 hb=0.498165
  FAIL 06.00 d=4096 z=64: fog alpha / hb = the judge, +-0.5/255 -- app alpha=0.257909 hb=0.500000 judge alpha=0.124586 hb=0.500000
  FAIL 06.00 d=5793 z=0: fog alpha / hb = the judge, +-0.5/255 -- app alpha=0.288684 hb=0.498154 judge alpha=0.254331 hb=0.498160
  FAIL 06.00 d=64750 z=64: fog alpha / hb = the judge, +-0.5/255 -- app alpha=0.632561 hb=0.500000 judge alpha=0.628022 hb=0.500000
  FAIL 06.00 d=800 z=0: fog alpha / hb = the judge, +-0.5/255 -- app alpha=0.032363 hb=0.498169 judge alpha=0.000000 hb=0.498171
  FAIL 06.00 d=62950 z=64: fog alpha / hb = the judge, +-0.5/255 -- app alpha=0.626791 hb=0.500000 judge alpha=0.622119 hb=0.500000
  FAIL 06.00 d=64750 z=12000: fog alpha / hb = the judge, +-0.5/255 -- app alpha=0.623462 hb=0.876359 judge alpha=0.619008 hb=0.875585
  FAIL 07.00: day weight 0.6667 and the blended FNAM = the judge -- near app 0.0 judge 2266.67
  ok   07.00: the four fog colours (keys Sunrise->LateSunrise t=0.667, Lab x NAM4, pow 2.2) = the judge, +-2/255
  FAIL 07.00: the cb12[41..46] packing = the judge -- row 41 app [3.99999999e-06, 2.49999994e-05, 0.0, -0.498400003] judge ['4.0366e-06', '2.5e-05', '0.00914962', '-0.4984']
  FAIL 07.00 d=500 z=0: fog alpha / hb = the judge, +-0.5/255 -- app alpha=0.016450 hb=0.498398 judge alpha=0.000000 hb=0.498400
  FAIL 07.00 d=3000 z=64: fog alpha / hb = the judge, +-0.5/255 -- app alpha=0.179339 hb=0.500000 judge alpha=0.027745 hb=0.500000
  FAIL 07.00 d=4096 z=0: fog alpha / hb = the judge, +-0.5/255 -- app alpha=0.248710 hb=0.498387 judge alpha=0.093873 hb=0.498394
  FAIL 07.00 d=4096 z=64: fog alpha / hb = the judge, +-0.5/255 -- app alpha=0.248693 hb=0.500000 judge alpha=0.093866 hb=0.500000
  FAIL 07.00 d=5793 z=0: fog alpha / hb = the judge, +-0.5/255 -- app alpha=0.279174 hb=0.498381 judge alpha=0.225206 hb=0.498389
  FAIL 07.00 d=64750 z=64: fog alpha / hb = the judge, +-0.5/255 -- app alpha=0.624151 hb=0.500000 judge alpha=0.618657 hb=0.500000
  FAIL 07.00 d=800 z=0: fog alpha / hb = the judge, +-0.5/255 -- app alpha=0.030784 hb=0.498397 judge alpha=0.000000 hb=0.498400
  FAIL 07.00 d=62950 z=64: fog alpha / hb = the judge, +-0.5/255 -- app alpha=0.618313 hb=0.500000 judge alpha=0.612658 hb=0.500000
  FAIL 07.00 d=64750 z=12000: fog alpha / hb = the judge, +-0.5/255 -- app alpha=0.615200 hb=0.837043 judge alpha=0.609811 hb=0.836031
  FAIL 09.00: day weight 1.0000 and the blended FNAM = the judge -- near app 0.0 judge 3000
  ok   09.00: the four fog colours (keys Day->Day t=0.000, Lab x NAM4, pow 2.2) = the judge, +-2/255
  FAIL 09.00: the cb12[41..46] packing = the judge -- row 41 app [3.99999999e-06, 1.99999995e-05, 0.0, -0.49871999] judge ['4.04858e-06', '2e-05', '0.0121457', '-0.49872']
  FAIL 09.00 d=500 z=0: fog alpha / hb = the judge, +-0.5/255 -- app alpha=0.014768 hb=0.498718 judge alpha=0.000000 hb=0.498720
  FAIL 09.00 d=3000 z=64: fog alpha / hb = the judge, +-0.5/255 -- app alpha=0.165885 hb=0.500000 judge alpha=0.000000 hb=0.500000
  FAIL 09.00 d=4096 z=0: fog alpha / hb = the judge, +-0.5/255 -- app alpha=0.231249 hb=0.498706 judge alpha=0.043306 hb=0.498716
  FAIL 09.00 d=4096 z=64: fog alpha / hb = the judge, +-0.5/255 -- app alpha=0.231234 hb=0.500000 judge alpha=0.043303 hb=0.500000
  FAIL 09.00 d=5793 z=0: fog alpha / hb = the judge, +-0.5/255 -- app alpha=0.261078 hb=0.498700 judge alpha=0.153108 hb=0.498710
  FAIL 09.00 d=64750 z=64: fog alpha / hb = the judge, +-0.5/255 -- app alpha=0.607659 hb=0.500000 judge alpha=0.600183 hb=0.500000
  FAIL 09.00 d=800 z=0: fog alpha / hb = the judge, +-0.5/255 -- app alpha=0.027854 hb=0.498717 judge alpha=0.000000 hb=0.498720
  FAIL 09.00 d=62950 z=64: fog alpha / hb = the judge, +-0.5/255 -- app alpha=0.601692 hb=0.500000 judge alpha=0.594001 hb=0.500000
  FAIL 09.00 d=64750 z=12000: fog alpha / hb = the judge, +-0.5/255 -- app alpha=0.598935 hb=0.779939 judge alpha=0.591611 hb=0.778507
  FAIL 17.00: day weight 1.0000 and the blended FNAM = the judge -- near app 0.0 judge 3000
  ok   17.00: the four fog colours (keys Day->Day t=0.000, Lab x NAM4, pow 2.2) = the judge, +-2/255
  FAIL 17.00: the cb12[41..46] packing = the judge -- row 41 app [3.99999999e-06, 1.99999995e-05, 0.0, -0.49871999] judge ['4.04858e-06', '2e-05', '0.0121457', '-0.49872']
  FAIL 17.00 d=500 z=0: fog alpha / hb = the judge, +-0.5/255 -- app alpha=0.014768 hb=0.498718 judge alpha=0.000000 hb=0.498720
  FAIL 17.00 d=3000 z=64: fog alpha / hb = the judge, +-0.5/255 -- app alpha=0.165885 hb=0.500000 judge alpha=0.000000 hb=0.500000
  FAIL 17.00 d=4096 z=0: fog alpha / hb = the judge, +-0.5/255 -- app alpha=0.231249 hb=0.498706 judge alpha=0.043306 hb=0.498716
  FAIL 17.00 d=4096 z=64: fog alpha / hb = the judge, +-0.5/255 -- app alpha=0.231234 hb=0.500000 judge alpha=0.043303 hb=0.500000
  FAIL 17.00 d=5793 z=0: fog alpha / hb = the judge, +-0.5/255 -- app alpha=0.261078 hb=0.498700 judge alpha=0.153108 hb=0.498710
  FAIL 17.00 d=64750 z=64: fog alpha / hb = the judge, +-0.5/255 -- app alpha=0.607659 hb=0.500000 judge alpha=0.600183 hb=0.500000
  FAIL 17.00 d=800 z=0: fog alpha / hb = the judge, +-0.5/255 -- app alpha=0.027854 hb=0.498717 judge alpha=0.000000 hb=0.498720
  FAIL 17.00 d=62950 z=64: fog alpha / hb = the judge, +-0.5/255 -- app alpha=0.601692 hb=0.500000 judge alpha=0.594001 hb=0.500000
  FAIL 17.00 d=64750 z=12000: fog alpha / hb = the judge, +-0.5/255 -- app alpha=0.598935 hb=0.779939 judge alpha=0.591611 hb=0.778507
  FAIL 19.50: day weight 0.5833 and the blended FNAM = the judge -- near app 0.0 judge 2083.33
  ok   19.50: the four fog colours (keys EarlySunset->Sunset t=0.667, Lab x NAM4, pow 2.2) = the judge, +-2/255
  FAIL 19.50: the cb12[41..46] packing = the judge -- row 41 app [3.99999999e-06, 2.66666666e-05, 0.0, -0.49829334] judge ['4.03361e-06', '2.66667e-05', '0.00840336', '-0.498293']
  FAIL 19.50 d=500 z=0: fog alpha / hb = the judge, +-0.5/255 -- app alpha=0.016900 hb=0.498292 judge alpha=0.000000 hb=0.498293
  FAIL 19.50 d=3000 z=64: fog alpha / hb = the judge, +-0.5/255 -- app alpha=0.182868 hb=0.500000 judge alpha=0.038244 hb=0.500000
  FAIL 19.50 d=4096 z=0: fog alpha / hb = the judge, +-0.5/255 -- app alpha=0.253277 hb=0.498281 judge alpha=0.108790 hb=0.498287
  FAIL 19.50 d=4096 z=64: fog alpha / hb = the judge, +-0.5/255 -- app alpha=0.253259 hb=0.500000 judge alpha=0.108783 hb=0.500000
  FAIL 19.50 d=5793 z=0: fog alpha / hb = the judge, +-0.5/255 -- app alpha=0.283889 hb=0.498275 judge alpha=0.245226 hb=0.498282
  FAIL 19.50 d=64750 z=64: fog alpha / hb = the judge, +-0.5/255 -- app alpha=0.628342 hb=0.500000 judge alpha=0.623329 hb=0.500000
  FAIL 19.50 d=800 z=0: fog alpha / hb = the judge, +-0.5/255 -- app alpha=0.031564 hb=0.498291 judge alpha=0.000000 hb=0.498293
  FAIL 19.50 d=62950 z=64: fog alpha / hb = the judge, +-0.5/255 -- app alpha=0.622538 hb=0.500000 judge alpha=0.617378 hb=0.500000
  FAIL 19.50 d=64750 z=12000: fog alpha / hb = the judge, +-0.5/255 -- app alpha=0.619321 hb=0.855523 judge alpha=0.614402 hb=0.854628
  FAIL 22.50: day weight 0.0833 and the blended FNAM = the judge -- near app 0.0 judge 983.333
  ok   22.50: the four fog colours (keys LateSunset->Night t=0.667, Lab x NAM4, pow 2.2) = the judge, +-2/255
  FAIL 22.50: the cb12[41..46] packing = the judge -- row 41 app [3.99999999e-06, 4.44444449e-05, 0.0, -0.497155547] judge ['4.0158e-06', '4.44444e-05', '0.00394887', '-0.497156']
  FAIL 22.50 d=500 z=0: fog alpha / hb = the judge, +-0.5/255 -- app alpha=0.019866 hb=0.497155 judge alpha=0.000000 hb=0.497156
  FAIL 22.50 d=3000 z=64: fog alpha / hb = the judge, +-0.5/255 -- app alpha=0.205551 hb=0.500000 judge alpha=0.123084 hb=0.500000
  FAIL 22.50 d=4096 z=0: fog alpha / hb = the judge, +-0.5/255 -- app alpha=0.282487 hb=0.497152 judge alpha=0.216804 hb=0.497153
  FAIL 22.50 d=4096 z=64: fog alpha / hb = the judge, +-0.5/255 -- app alpha=0.282465 hb=0.500000 judge alpha=0.216787 hb=0.500000
  FAIL 22.50 d=5793 z=0: fog alpha / hb = the judge, +-0.5/255 -- app alpha=0.313898 hb=0.497150 judge alpha=0.296986 hb=0.497151
  FAIL 22.50 d=64750 z=64: fog alpha / hb = the judge, +-0.5/255 -- app alpha=0.654070 hb=0.500000 judge alpha=0.651813 hb=0.500000
  FAIL 22.50 d=800 z=0: fog alpha / hb = the judge, +-0.5/255 -- app alpha=0.036671 hb=0.497155 judge alpha=0.000000 hb=0.497156
  FAIL 22.50 d=62950 z=64: fog alpha / hb = the judge, +-0.5/255 -- app alpha=0.648485 hb=0.500000 judge alpha=0.646161 hb=0.500000
  FAIL 22.50 d=64750 z=12000: fog alpha / hb = the judge, +-0.5/255 -- app alpha=0.645091 hb=1.000000 judge alpha=0.642865 hb=1.000000
  FAIL 04.00: day weight 0.1667 and the blended FNAM = the judge -- near app 0.0 judge 1166.67
  ok   04.00: the four fog colours (keys Night->EarlySunrise t=0.667, Lab x NAM4, pow 2.2) = the judge, +-2/255
  FAIL 04.00: the cb12[41..46] packing = the judge -- row 41 app [3.99999999e-06, 3.9999999e-05, 0.0, -0.49744001] judge ['4.01875e-06', '4e-05', '0.00468855', '-0.49744']
  FAIL 04.00 d=500 z=0: fog alpha / hb = the judge, +-0.5/255 -- app alpha=0.019338 hb=0.497439 judge alpha=0.000000 hb=0.497440
  FAIL 04.00 d=3000 z=64: fog alpha / hb = the judge, +-0.5/255 -- app alpha=0.201585 hb=0.500000 judge alpha=0.106485 hb=0.500000
  FAIL 04.00 d=4096 z=0: fog alpha / hb = the judge, +-0.5/255 -- app alpha=0.277395 hb=0.497434 judge alpha=0.196609 hb=0.497435
  FAIL 04.00 d=4096 z=64: fog alpha / hb = the judge, +-0.5/255 -- app alpha=0.277374 hb=0.500000 judge alpha=0.196594 hb=0.500000
  FAIL 04.00 d=5793 z=0: fog alpha / hb = the judge, +-0.5/255 -- app alpha=0.308686 hb=0.497431 judge alpha=0.288423 hb=0.497433
  FAIL 04.00 d=64750 z=64: fog alpha / hb = the judge, +-0.5/255 -- app alpha=0.649712 hb=0.500000 judge alpha=0.647012 hb=0.500000
  FAIL 04.00 d=800 z=0: fog alpha / hb = the judge, +-0.5/255 -- app alpha=0.035766 hb=0.497439 judge alpha=0.000000 hb=0.497440
  FAIL 04.00 d=62950 z=64: fog alpha / hb = the judge, +-0.5/255 -- app alpha=0.644088 hb=0.500000 judge alpha=0.641308 hb=0.500000
  FAIL 04.00 d=64750 z=12000: fog alpha / hb = the judge, +-0.5/255 -- app alpha=0.640418 hb=0.983283 judge alpha=0.637758 hb=0.983205
  FAIL every probed fragment (9 hours x 13) = the judge, +-0.5/255 -- 39 of 117
alpha
  FAIL 12.00 d=4096 z=64: the shader's fog alpha = the judge 11.04/255, +-1 -- shader (59, 59, 59) (100% of the ground)
  FAIL 12.00 d=64750 z=64: the shader's fog alpha = the judge 153.05/255, +-1 -- shader (155, 155, 155) (100% of the ground)
  ok   12.00 d=250000 z=64: the shader's fog alpha = the judge 248.62/255, +-1 -- shader (249, 249, 249) (100% of the ground)
  FAIL 01.00 d=4096 z=64: the shader's fog alpha = the judge 60.65/255, +-1 -- shader (73, 73, 73) (100% of the ground)
  ok   01.00 d=64750 z=64: the shader's fog alpha = the judge 167.44/255, +-1 -- shader (168, 168, 168) (100% of the ground)
  ok   01.00 d=250000 z=64: the shader's fog alpha = the judge 251.81/255, +-1 -- shader (252, 252, 252) (100% of the ground)
near
  FAIL the model inside the fog's near distance (ground off, 12:00): fog on = fog off -- 63124 px differ
119 checks, 101 failures
FAIL
